LogInit: Display: Running engine for game: SLFConversion
LogCore: Display: Requested channels: 'cpu,gpu,frame,log,bookmark,screenshot,region'
LogTrace: Display: Control listening on port 1985
LogCsvProfiler: Display: Metadata set : platform="Windows"
LogCsvProfiler: Display: Metadata set : config="Development"
LogCsvProfiler: Display: Metadata set : buildversion="++UE5+Release-5.7-CL-48512491"
LogCsvProfiler: Display: Metadata set : engineversion="5.7.1-48512491+++UE5+Release-5.7"
LogCsvProfiler: Display: Metadata set : enginereleaseversion="5.7.1"
LogCsvProfiler: Display: Metadata set : os="Windows 11 (25H2) [10.0.26200.7462] "
LogCsvProfiler: Display: Metadata set : cpu="GenuineIntel|Intel(R) Core(TM) 9 270H"
LogCsvProfiler: Display: Metadata set : pgoenabled="0"
LogCsvProfiler: Display: Metadata set : pgoprofilingenabled="0"
LogCsvProfiler: Display: Metadata set : ltoenabled="0"
LogCsvProfiler: Display: Metadata set : asan="0"
LogCsvProfiler: Display: Metadata set : mergedmodules="0"
LogCsvProfiler: Display: Metadata set : commandline="" C:/scripts/SLFConversion/SLFConversion.uproject -run=pythonscript -script=C:/scripts/SLFConversion/test_backup_extraction.py -stdout -unattended -nosplash""
LogCsvProfiler: Display: Metadata set : loginid="d995c8d241966abb5189efb7e08079c5"
LogCsvProfiler: Display: Metadata set : llm="0"
LogCsvProfiler: Display: Metadata set : systemresolution.resx="1280"
LogCsvProfiler: Display: Metadata set : systemresolution.resy="720"
LogAudio: Display: Audio Device Manager not initializing due to all audio being disabled. If this is not intentional, please check command line arguments for "-nosound".
LogConfig: Display: Loading IOS ini files took 0.06 seconds
LogConfig: Display: Loading Android ini files took 0.06 seconds
LogConfig: Display: Loading VulkanPC ini files took 0.06 seconds
LogConfig: Display: Loading Mac ini files took 0.06 seconds
LogConfig: Display: Loading Windows ini files took 0.08 seconds
LogConfig: Display: Loading TVOS ini files took 0.09 seconds
LogConfig: Display: Loading Unix ini files took 0.09 seconds
LogConfig: Display: Loading VisionOS ini files took 0.09 seconds
LogConfig: Display: Loading Linux ini files took 0.10 seconds
LogPluginManager: Display: The Plugin StructUtils has been marked deprecated for 5.5 and will be removed soon. Please update your dependencies.
RenderDocPlugin: Display: RenderDoc plugin will not be loaded. Use '-AttachRenderDoc' on the cmd line or enable 'renderdoc.AutoAttach' in the plugin settings.
[2026.01.07-04.27.32:364][  0]LogHAL: Display: Platform has ~ 32 GB [34032443392 / 34359738368 / 32], which maps to Largest [LargestMinGB=32, LargerMinGB=12, DefaultMinGB=8, SmallerMinGB=6, SmallestMinGB=0)
[2026.01.07-04.27.32:365][  0]LogCsvProfiler: Display: Metadata set : extradevelopmentmemorymb="0"
[2026.01.07-04.27.32:654][  0]LogObj: Display: Attempting to load config data for Default__SlateThemeManager before the Class has been constructed/registered/linked (likely during module loading or early startup). This will result in the load silently failing and should be fixed.
[2026.01.07-04.27.32:737][  0]LogCsvProfiler: Display: Metadata set : verbatimrhiname="Null"
[2026.01.07-04.27.32:737][  0]LogCsvProfiler: Display: Metadata set : rhiname="Null"
[2026.01.07-04.27.32:737][  0]LogCsvProfiler: Display: Metadata set : rhifeaturelevel="SM6"
[2026.01.07-04.27.32:737][  0]LogCsvProfiler: Display: Metadata set : shaderplatform="PCD3D_SM6"
[2026.01.07-04.27.32:743][  0]LogTextureFormatASTC: Display: ASTCEnc version 5.0.1 library loaded
[2026.01.07-04.27.32:743][  0]LogTextureFormatManager: Display: Loaded Base TextureFormat: TextureFormatASTC
[2026.01.07-04.27.32:743][  0]LogTextureFormatManager: Display: Loaded Base TextureFormat: TextureFormatDXT
[2026.01.07-04.27.32:743][  0]LogTextureFormatManager: Display: Loaded Base TextureFormat: TextureFormatETC2
[2026.01.07-04.27.32:743][  0]LogTextureFormatManager: Display: Loaded Base TextureFormat: TextureFormatIntelISPCTexComp
[2026.01.07-04.27.32:743][  0]LogTextureFormatManager: Display: Loaded Base TextureFormat: TextureFormatUncompressed
[2026.01.07-04.27.32:743][  0]LogTextureFormatOodle: Display: Oodle Texture TFO init; latest sdk version = 2.9.14
[2026.01.07-04.27.32:743][  0]LogTextureFormatOodle: Display: Oodle Texture loading DLL: oo2tex_win64_2.9.14.dll
[2026.01.07-04.27.32:743][  0]LogTextureFormatOodle: Display: Oodle Texture loading DLL: oo2tex_win64_2.9.5.dll
[2026.01.07-04.27.32:744][  0]LogTextureFormatManager: Display: Loaded Base TextureFormat: TextureFormatOodle
[2026.01.07-04.27.32:763][  0]LogTargetPlatformManager: Display: Loaded TargetPlatform 'Android'
[2026.01.07-04.27.32:763][  0]LogTargetPlatformManager: Display: Loaded TargetPlatform 'Android_ASTC'
[2026.01.07-04.27.32:763][  0]LogTargetPlatformManager: Display: Loaded TargetPlatform 'Android_DXT'
[2026.01.07-04.27.32:763][  0]LogTargetPlatformManager: Display: Loaded TargetPlatform 'Android_ETC2'
[2026.01.07-04.27.32:763][  0]LogTargetPlatformManager: Display: Loaded TargetPlatform 'Android_OpenXR'
[2026.01.07-04.27.32:763][  0]LogTargetPlatformManager: Display: Loaded TargetPlatform 'AndroidClient'
[2026.01.07-04.27.32:763][  0]LogTargetPlatformManager: Display: Loaded TargetPlatform 'Android_ASTCClient'
[2026.01.07-04.27.32:763][  0]LogTargetPlatformManager: Display: Loaded TargetPlatform 'Android_DXTClient'
[2026.01.07-04.27.32:763][  0]LogTargetPlatformManager: Display: Loaded TargetPlatform 'Android_ETC2Client'
[2026.01.07-04.27.32:763][  0]LogTargetPlatformManager: Display: Loaded TargetPlatform 'Android_OpenXRClient'
[2026.01.07-04.27.32:763][  0]LogTargetPlatformManager: Display: Loaded TargetPlatform 'Android_Multi'
[2026.01.07-04.27.32:763][  0]LogTargetPlatformManager: Display: Loaded TargetPlatform 'Android_MultiClient'
[2026.01.07-04.27.32:772][  0]LogTargetPlatformManager: Display: Loaded TargetPlatform 'IOS'
[2026.01.07-04.27.32:772][  0]LogTargetPlatformManager: Display: Loaded TargetPlatform 'IOSClient'
[2026.01.07-04.27.32:781][  0]LogTargetPlatformManager: Display: Loaded TargetPlatform 'Linux'
[2026.01.07-04.27.32:781][  0]LogTargetPlatformManager: Display: Loaded TargetPlatform 'LinuxEditor'
[2026.01.07-04.27.32:781][  0]LogTargetPlatformManager: Display: Loaded TargetPlatform 'LinuxServer'
[2026.01.07-04.27.32:781][  0]LogTargetPlatformManager: Display: Loaded TargetPlatform 'LinuxClient'
[2026.01.07-04.27.32:791][  0]LogTargetPlatformManager: Display: Loaded TargetPlatform 'Mac'
[2026.01.07-04.27.32:791][  0]LogTargetPlatformManager: Display: Loaded TargetPlatform 'MacEditor'
[2026.01.07-04.27.32:791][  0]LogTargetPlatformManager: Display: Loaded TargetPlatform 'MacServer'
[2026.01.07-04.27.32:791][  0]LogTargetPlatformManager: Display: Loaded TargetPlatform 'MacClient'
[2026.01.07-04.27.32:799][  0]LogTargetPlatformManager: Display: Loaded TargetPlatform 'TVOS'
[2026.01.07-04.27.32:799][  0]LogTargetPlatformManager: Display: Loaded TargetPlatform 'TVOSClient'
[2026.01.07-04.27.32:809][  0]LogTargetPlatformManager: Display: Loaded TargetPlatform 'Windows'
[2026.01.07-04.27.32:809][  0]LogTargetPlatformManager: Display: Loaded TargetPlatform 'WindowsEditor'
[2026.01.07-04.27.32:809][  0]LogTargetPlatformManager: Display: Loaded TargetPlatform 'WindowsServer'
[2026.01.07-04.27.32:809][  0]LogTargetPlatformManager: Display: Loaded TargetPlatform 'WindowsClient'
[2026.01.07-04.27.32:809][  0]LogTargetPlatformManager: Display: Building Assets For WindowsEditor
[2026.01.07-04.27.32:812][  0]LogAudioDebug: Display: Lib vorbis DLL was dynamically loaded.
[2026.01.07-04.27.32:848][  0]LogDerivedDataCache: Display: Memory: Max Cache Size: -1 MB
[2026.01.07-04.27.33:084][  0]LogDerivedDataCache: Display: ../../../Engine/DerivedDataCache/Compressed.ddp: Opened pak cache for reading. (1732 MiB)
[2026.01.07-04.27.33:085][  0]LogZenServiceInstance: Display: Launching zen utility 'C:/Program Files/Epic Games/UE_5.7/Engine/Binaries/Win64/zen.exe service status'.
[2026.01.07-04.27.33:392][  0]LogZenServiceInstance: Display: Launching zen utility 'C:/Program Files/Epic Games/UE_5.7/Engine/Binaries/Win64/zen.exe service status'.
[2026.01.07-04.27.33:597][  0]LogZenServiceInstance: Display: Read zen version cache file from 'C:/Users/james/AppData/Local/UnrealEngine/5.7/Saved/Zen/zen.version', version: '5.7.6-202510061608-windows-x64-release-9a1ebb9'
[2026.01.07-04.27.33:597][  0]LogZenServiceInstance: Display: Read zen version cache file from 'C:/Users/james/AppData/Local/UnrealEngine/Common/Zen/Install/zen.version', version: '5.7.6-202510061608-windows-x64-release-9a1ebb9'
[2026.01.07-04.27.33:597][  0]LogZenServiceInstance: Display: Installed service at 'C:/Users/james/AppData/Local/UnrealEngine/Common/Zen/Install/zenserver.exe' is up to date
[2026.01.07-04.27.33:598][  0]LogZenServiceInstance: Display: Launching executable 'C:/Users/james/AppData/Local/UnrealEngine/Common/Zen/Install/zenserver.exe', working dir 'C:/Users/james/AppData/Local/UnrealEngine/Common/Zen/Install', data dir 'C:/Users/james/AppData/Local/UnrealEngine/Common/Zen/Data', args '--port 8558 --data-dir C:\Users\james\AppData\Local\UnrealEngine\Common\Zen\Data --http asio --gc-cache-duration-seconds 1209600 --gc-interval-seconds 21600 --gc-low-diskspace-threshold 2147483648 --cache-bucket-limit-overwrites --quiet --http-forceloopback --owner-pid 4804  --child-id Zen_4804_Startup'
[2026.01.07-04.27.33:657][  0]LogZenServiceInstance: Display: Unreal Zen Storage Server HTTP service at http://[::1]:8558 status: OK!.
[2026.01.07-04.27.33:659][  0]LogDerivedDataCache: Display: ZenLocal: Using ZenServer HTTP service at [::1] with namespace ue.ddc status: OK!.
[2026.01.07-04.27.33:663][  0]LogDerivedDataCache: Display: C:/Users/james/AppData/Local/UnrealEngine/Common/DerivedDataCache: Performance: Latency=0.01ms. RandomReadSpeed=1880.82MBs, RandomWriteSpeed=301.63MBs. Assigned SpeedClass 'Local'
[2026.01.07-04.27.33:672][  0]LogUbaHorde: Display: UBA/Horde Configuration [Uba.Provider.Horde]: Not Enabled
[2026.01.07-04.27.33:678][  0]LogXGEController: Display: Initialized XGE controller. XGE tasks will be spawned on this machine.
[2026.01.07-04.27.33:678][  0]LogShaderCompilers: Display: Using XGE Controller for shader compilation
[2026.01.07-04.27.33:680][  0]LogShaderCompilers: Display: Compiling shader autogen file: ../../../../../../scripts/SLFConversion/Intermediate/ShaderAutogen/PCD3D_SM6/AutogenShaderHeaders.ush
[2026.01.07-04.27.33:680][  0]LogShaderCompilers: Display: Autogen file is unchanged, skipping write.
[2026.01.07-04.27.34:108][  0]LogEditorDomain: Display: EditorDomain is Disabled
[2026.01.07-04.27.34:305][  0]LogDeviceProfileManager: Display: Deviceprofile LinuxArm64Editor not found.
[2026.01.07-04.27.34:305][  0]LogDeviceProfileManager: Display: Deviceprofile LinuxArm64 not found.
[2026.01.07-04.27.34:337][  0]LogCsvProfiler: Display: Metadata set : deviceprofile="WindowsEditor"
[2026.01.07-04.27.34:340][  0]LogStreaming: Display: FlushAsyncLoading(1): 1 QueuedPackages, 0 AsyncPackages
[2026.01.07-04.27.34:348][  0]LogStreaming: Display: Flushing package /Engine/Functions/Engine_MaterialFunctions01/Shading/PowerToRoughness (state: WaitingForIo) recursively from another package /Engine/EngineMaterials/DefaultTextMaterialOpaque (state: CreateLinkerLoadExports) will result in a partially loaded package to avoid a deadlock.
[2026.01.07-04.27.34:348][  0]LogStreaming: Display: Package /Engine/EngineMaterials/DefaultTextMaterialOpaque is adding a dynamic import to package /Engine/Functions/Engine_MaterialFunctions01/Shading/PowerToRoughness because of a recursive sync load
[2026.01.07-04.27.34:348][  0]LogStreaming: Display: Flushing package /Engine/Functions/Engine_MaterialFunctions01/Shading/PowerToRoughness (state: DeferredPostLoad) recursively from another package /Engine/EngineMaterials/DefaultTextMaterialOpaque (state: CreateLinkerLoadExports) will result in a partially loaded package to avoid a deadlock.
[2026.01.07-04.27.34:348][  0]LogStreaming: Display: Flushing package /Engine/Functions/Engine_MaterialFunctions01/Shading/ConvertFromDiffSpec (state: WaitingForIo) recursively from another package /Engine/EngineMaterials/DefaultTextMaterialOpaque (state: CreateLinkerLoadExports) will result in a partially loaded package to avoid a deadlock.
[2026.01.07-04.27.34:349][  0]LogStreaming: Display: Package /Engine/EngineMaterials/DefaultTextMaterialOpaque is adding a dynamic import to package /Engine/Functions/Engine_MaterialFunctions01/Shading/ConvertFromDiffSpec because of a recursive sync load
[2026.01.07-04.27.34:349][  0]LogStreaming: Display: Flushing package /Engine/Functions/Engine_MaterialFunctions01/Shading/ConvertFromDiffSpec (state: DeferredPostLoad) recursively from another package /Engine/EngineMaterials/DefaultTextMaterialOpaque (state: CreateLinkerLoadExports) will result in a partially loaded package to avoid a deadlock.
[2026.01.07-04.27.34:349][  0]LogStreaming: Display: Flushing package /Engine/EngineMaterials/WorldGridMaterial (state: WaitingForIo) recursively from another package /Engine/EngineMaterials/DefaultTextMaterialOpaque (state: CreateLinkerLoadExports) will result in a partially loaded package to avoid a deadlock.
[2026.01.07-04.27.34:350][  0]LogStreaming: Display: Flushing package /Engine/EngineMaterials/DefaultDeferredDecalMaterial (state: WaitingForIo) recursively from another package /Engine/EngineMaterials/WorldGridMaterial (state: CreateLinkerLoadExports) will result in a partially loaded package to avoid a deadlock.
[2026.01.07-04.27.34:351][  0]LogStreaming: Display: Flushing package /Engine/EngineMaterials/DefaultLightFunctionMaterial (state: WaitingForIo) recursively from another package /Engine/EngineMaterials/DefaultDeferredDecalMaterial (state: CreateLinkerLoadExports) will result in a partially loaded package to avoid a deadlock.
[2026.01.07-04.27.34:351][  0]LogStreaming: Display: Flushing package /Engine/EngineMaterials/DefaultPostProcessMaterial (state: WaitingForIo) recursively from another package /Engine/EngineMaterials/DefaultLightFunctionMaterial (state: CreateLinkerLoadExports) will result in a partially loaded package to avoid a deadlock.
[2026.01.07-04.27.34:352][  0]LogStreaming: Display: Package /Engine/EngineMaterials/DefaultLightFunctionMaterial is adding a dynamic import to package /Engine/EngineMaterials/DefaultPostProcessMaterial because of a recursive sync load
[2026.01.07-04.27.34:352][  0]LogStreaming: Display: Flushing package /Engine/EngineMaterials/DefaultPostProcessMaterial (state: DeferredPostLoad) recursively from another package /Engine/EngineMaterials/DefaultLightFunctionMaterial (state: CreateLinkerLoadExports) will result in a partially loaded package to avoid a deadlock.
[2026.01.07-04.27.34:352][  0]LogStreaming: Display: Package /Engine/EngineMaterials/DefaultDeferredDecalMaterial is adding a dynamic import to package /Engine/EngineMaterials/DefaultLightFunctionMaterial because of a recursive sync load
[2026.01.07-04.27.34:353][  0]LogStreaming: Display: Flushing package /Engine/EngineMaterials/DefaultLightFunctionMaterial (state: DeferredPostLoad) recursively from another package /Engine/EngineMaterials/DefaultDeferredDecalMaterial (state: CreateLinkerLoadExports) will result in a partially loaded package to avoid a deadlock.
[2026.01.07-04.27.34:353][  0]LogStreaming: Display: Package /Engine/EngineMaterials/WorldGridMaterial is adding a dynamic import to package /Engine/EngineMaterials/DefaultDeferredDecalMaterial because of a recursive sync load
[2026.01.07-04.27.34:353][  0]LogStreaming: Display: Flushing package /Engine/EngineMaterials/DefaultDeferredDecalMaterial (state: DeferredPostLoad) recursively from another package /Engine/EngineMaterials/WorldGridMaterial (state: CreateLinkerLoadExports) will result in a partially loaded package to avoid a deadlock.
[2026.01.07-04.27.34:353][  0]LogStreaming: Display: Package /Engine/EngineMaterials/DefaultTextMaterialOpaque is adding a dynamic import to package /Engine/EngineMaterials/WorldGridMaterial because of a recursive sync load
[2026.01.07-04.27.34:353][  0]LogStreaming: Display: Flushing package /Engine/EngineMaterials/WorldGridMaterial (state: DeferredPostLoad) recursively from another package /Engine/EngineMaterials/DefaultTextMaterialOpaque (state: CreateLinkerLoadExports) will result in a partially loaded package to avoid a deadlock.
[2026.01.07-04.27.34:354][  0]LogTextureEncodingSettings: Display: Texture Encode Speed: Final (cook).
[2026.01.07-04.27.34:354][  0]LogTextureEncodingSettings: Display: Oodle Texture Encode Speed settings: Fast: RDO Off Lambda=0, Effort=Normal Final: RDO Off Lambda=0, Effort=Normal
[2026.01.07-04.27.34:354][  0]LogTextureEncodingSettings: Display: Shared linear texture encoding: Disabled
[2026.01.07-04.27.34:370][  0]LogMeshReduction: Display: Using QuadricMeshReduction for automatic static mesh reduction
[2026.01.07-04.27.34:370][  0]LogMeshReduction: Display: Using SkeletalMeshReduction for automatic skeletal mesh reduction
[2026.01.07-04.27.34:370][  0]LogMeshReduction: Display: Using ProxyLODMeshReduction for automatic mesh merging
[2026.01.07-04.27.34:370][  0]LogMeshReduction: Display: No distributed automatic mesh merging module available
[2026.01.07-04.27.34:489][  0]LogShaderCompilers: Display: Compiling shader autogen file: ../../../../../../scripts/SLFConversion/Intermediate/ShaderAutogen/PCD3D_SM5/AutogenShaderHeaders.ush
[2026.01.07-04.27.34:489][  0]LogShaderCompilers: Display: Autogen file is unchanged, skipping write.
[2026.01.07-04.27.34:489][  0]LogVirtualization: Display: VirtualizationSystem name found in ini file: None
[2026.01.07-04.27.34:489][  0]LogVirtualization: Display: FNullVirtualizationSystem mounted, virtualization will be disabled
[2026.01.07-04.27.34:551][  0]LogWorldPartition: Display: FWorldPartitionClassDescRegistry::Initialize started...
[2026.01.07-04.27.34:554][  0]LogWorldPartition: Display: FWorldPartitionClassDescRegistry::Initialize took 3.501 ms
[2026.01.07-04.27.35:195][  0]LogMetaSound: Display: MetaSound Page Target Initialized to 'Default'
[2026.01.07-04.27.35:196][  0]LogAudio: Display: Registering Engine Module Parameter Interfaces...
[2026.01.07-04.27.35:540][  0]LogAudioCaptureCore: Display: No Audio Capture implementations found. Audio input will be silent.
[2026.01.07-04.27.35:540][  0]LogAudioCaptureCore: Display: No Audio Capture implementations found. Audio input will be silent.
[2026.01.07-04.27.35:737][  0]LogAssetRegistry: Display: Asset registry cache read as 72.7 MiB from ../../../../../../scripts/SLFConversion/Intermediate/CachedAssetRegistry_0.bin.
[2026.01.07-04.27.35:738][  0]LogAssetRegistry: Display: AssetDataGatherer spent 0.040s loading caches ../../../../../../scripts/SLFConversion/Intermediate/CachedAssetRegistry_*.bin.
[2026.01.07-04.27.39:084][  0]LogBlueprint: Error: [AssetLog] C:\scripts\SLFConversion\Content\SoulslikeFramework\Blueprints\Components\AC_ActionManager.uasset: [Compiler] In use pin  Velocity  no longer exists on node  Get Is Moving 2D? . Please refresh node or break links to remove pin.
[2026.01.07-04.27.39:085][  0]LogBlueprint: Warning: [AssetLog] C:\scripts\SLFConversion\Content\SoulslikeFramework\Blueprints\Components\AC_ActionManager.uasset: [Compiler] Input pin  Speed to Check  specifying non-default value no longer exists on node  Get Is Moving 2D? . Please refresh node or reset pin to default value to remove pin.
[2026.01.07-04.27.39:085][  0]LogBlueprint: Error: [AssetLog] C:\scripts\SLFConversion\Content\SoulslikeFramework\Blueprints\Components\AC_ActionManager.uasset: [Compiler] In use pin  Return Value  no longer exists on node  Get Is Moving 2D? . Please refresh node or break links to remove pin.
[2026.01.07-04.27.39:086][  0]LogBlueprint: Error: [AssetLog] C:\scripts\SLFConversion\Content\SoulslikeFramework\Blueprints\Components\AC_ActionManager.uasset: [Compiler] Could not find a function named "GetIsMoving2D?" in 'AC_ActionManager'.
Make sure 'AC_ActionManager' has been compiled for  Get Is Moving 2D?
[2026.01.07-04.27.39:097][  0]LogBlueprint: Error: [AssetLog] C:\scripts\SLFConversion\Content\SoulslikeFramework\Blueprints\Components\AC_AI_Boss.uasset: [Compiler] In use pin  Success  no longer exists on node  TryGetHudForActor . Please refresh node or break links to remove pin.
[2026.01.07-04.27.39:098][  0]LogBlueprint: Error: [AssetLog] C:\scripts\SLFConversion\Content\SoulslikeFramework\Blueprints\Components\AC_AI_Boss.uasset: [Compiler] In use pin  HUD  no longer exists on node  TryGetHudForActor . Please refresh node or break links to remove pin.
[2026.01.07-04.27.39:098][  0]LogBlueprint: Error: [AssetLog] C:\scripts\SLFConversion\Content\SoulslikeFramework\Blueprints\Components\AC_AI_Boss.uasset: [Compiler] In use pin  Success  no longer exists on node  TryGetHudForActor . Please refresh node or break links to remove pin.
[2026.01.07-04.27.39:099][  0]LogBlueprint: Error: [AssetLog] C:\scripts\SLFConversion\Content\SoulslikeFramework\Blueprints\Components\AC_AI_Boss.uasset: [Compiler] In use pin  HUD  no longer exists on node  TryGetHudForActor . Please refresh node or break links to remove pin.
[2026.01.07-04.27.39:099][  0]LogBlueprint: Error: [AssetLog] C:\scripts\SLFConversion\Content\SoulslikeFramework\Blueprints\Components\AC_AI_Boss.uasset: [Compiler] In use pin  Success  no longer exists on node  TryGetHudForActor . Please refresh node or break links to remove pin.
[2026.01.07-04.27.39:100][  0]LogBlueprint: Error: [AssetLog] C:\scripts\SLFConversion\Content\SoulslikeFramework\Blueprints\Components\AC_AI_Boss.uasset: [Compiler] In use pin  HUD  no longer exists on node  TryGetHudForActor . Please refresh node or break links to remove pin.
[2026.01.07-04.27.39:100][  0]LogBlueprint: Error: [AssetLog] C:\scripts\SLFConversion\Content\SoulslikeFramework\Blueprints\Components\AC_AI_Boss.uasset: [Compiler] In use pin  Success  no longer exists on node  TryGetHudForActor . Please refresh node or break links to remove pin.
[2026.01.07-04.27.39:101][  0]LogBlueprint: Error: [AssetLog] C:\scripts\SLFConversion\Content\SoulslikeFramework\Blueprints\Components\AC_AI_Boss.uasset: [Compiler] In use pin  HUD  no longer exists on node  TryGetHudForActor . Please refresh node or break links to remove pin.
[2026.01.07-04.27.39:101][  0]LogBlueprint: Error: [AssetLog] C:\scripts\SLFConversion\Content\SoulslikeFramework\Blueprints\Components\AC_AI_Boss.uasset: [Compiler] In use pin  Success  no longer exists on node  TryGetHudForActor . Please refresh node or break links to remove pin.
[2026.01.07-04.27.39:101][  0]LogBlueprint: Error: [AssetLog] C:\scripts\SLFConversion\Content\SoulslikeFramework\Blueprints\Components\AC_AI_Boss.uasset: [Compiler] In use pin  HUD  no longer exists on node  TryGetHudForActor . Please refresh node or break links to remove pin.
[2026.01.07-04.27.39:102][  0]LogBlueprint: Error: [AssetLog] C:\scripts\SLFConversion\Content\SoulslikeFramework\Blueprints\Components\AC_AI_Boss.uasset: [Compiler] In use pin  Success  no longer exists on node  TryGetHudForActor . Please refresh node or break links to remove pin.
[2026.01.07-04.27.39:102][  0]LogBlueprint: Error: [AssetLog] C:\scripts\SLFConversion\Content\SoulslikeFramework\Blueprints\Components\AC_AI_Boss.uasset: [Compiler] In use pin  HUD  no longer exists on node  TryGetHudForActor . Please refresh node or break links to remove pin.
[2026.01.07-04.27.39:103][  0]LogBlueprint: Error: [AssetLog] C:\scripts\SLFConversion\Content\SoulslikeFramework\Blueprints\Components\AC_AI_Boss.uasset: [Compiler] Can't connect pins  Stat Info  and  Stat Info : Only exactly matching structures are considered compatible.
[2026.01.07-04.27.39:103][  0]LogBlueprint: Error: [AssetLog] C:\scripts\SLFConversion\Content\SoulslikeFramework\Blueprints\Components\AC_AI_Boss.uasset: [Compiler] Can't connect pins  Stat Info  and  Stat Info : Only exactly matching structures are considered compatible.
[2026.01.07-04.27.39:104][  0]LogBlueprint: Error: [AssetLog] C:\scripts\SLFConversion\Content\SoulslikeFramework\Blueprints\Components\AC_AI_Boss.uasset: [Compiler] In use pin  Max Value  no longer exists on node  GetStatPercentValue . Please refresh node or break links to remove pin.
[2026.01.07-04.27.39:116][  0]LogBlueprint: Error: [AssetLog] C:\scripts\SLFConversion\Content\SoulslikeFramework\Blueprints\Components\AC_AI_CombatManager.uasset: [Compiler] Can't connect pins  Stat Info  and  Stat Info : Only exactly matching structures are considered compatible.
[2026.01.07-04.27.39:116][  0]LogBlueprint: Error: [AssetLog] C:\scripts\SLFConversion\Content\SoulslikeFramework\Blueprints\Components\AC_AI_CombatManager.uasset: [Compiler] Can't connect pins  Stat Info  and  Stat Info : Only exactly matching structures are considered compatible.
[2026.01.07-04.27.39:118][  0]LogBlueprint: Error: [AssetLog] C:\scripts\SLFConversion\Content\SoulslikeFramework\Blueprints\Components\AC_AI_CombatManager.uasset: [Compiler] In use pin  Max Value  no longer exists on node  GetStatMaxValue . Please refresh node or break links to remove pin.
[2026.01.07-04.27.39:126][  0]LogBlueprint: Error: [AssetLog] C:\scripts\SLFConversion\Content\SoulslikeFramework\Blueprints\Components\AC_AI_CombatManager.uasset: [Compiler] Can't connect pins  Stat Info  and  Stat Info : Only exactly matching structures are considered compatible.
[2026.01.07-04.27.39:126][  0]LogBlueprint: Error: [AssetLog] C:\scripts\SLFConversion\Content\SoulslikeFramework\Blueprints\Components\AC_AI_CombatManager.uasset: [Compiler] Can't connect pins  Stat Info  and  Stat Info : Only exactly matching structures are considered compatible.
[2026.01.07-04.27.39:126][  0]LogBlueprint: Error: [AssetLog] C:\scripts\SLFConversion\Content\SoulslikeFramework\Blueprints\Components\AC_AI_CombatManager.uasset: [Compiler] In use pin  Max Value  no longer exists on node  GetStatPercentValue . Please refresh node or break links to remove pin.
[2026.01.07-04.27.39:128][  0]LogBlueprint: Error: [AssetLog] C:\scripts\SLFConversion\Content\SoulslikeFramework\Blueprints\Components\AC_AI_CombatManager.uasset: [Compiler] Can't connect pins  Stat Info  and  Stat Info : Only exactly matching structures are considered compatible.
[2026.01.07-04.27.39:128][  0]LogBlueprint: Error: [AssetLog] C:\scripts\SLFConversion\Content\SoulslikeFramework\Blueprints\Components\AC_AI_CombatManager.uasset: [Compiler] Can't connect pins  Stat Info  and  Stat Info : Only exactly matching structures are considered compatible.
[2026.01.07-04.27.39:128][  0]LogBlueprint: Error: [AssetLog] C:\scripts\SLFConversion\Content\SoulslikeFramework\Blueprints\Components\AC_AI_CombatManager.uasset: [Compiler] In use pin  Current Value  no longer exists on node  GetStatCurrentValue . Please refresh node or break links to remove pin.
[2026.01.07-04.27.39:128][  0]LogBlueprint: Error: [AssetLog] C:\scripts\SLFConversion\Content\SoulslikeFramework\Blueprints\Components\AC_AI_CombatManager.uasset: [Compiler] Can't connect pins  Stat Info  and  Stat Info : Only exactly matching structures are considered compatible.
[2026.01.07-04.27.39:130][  0]LogBlueprint: Error: [AssetLog] C:\scripts\SLFConversion\Content\SoulslikeFramework\Blueprints\Components\AC_AI_CombatManager.uasset: [Compiler] Can't connect pins  Stat Info  and  Stat Info : Only exactly matching structures are considered compatible.
[2026.01.07-04.27.39:130][  0]LogBlueprint: Error: [AssetLog] C:\scripts\SLFConversion\Content\SoulslikeFramework\Blueprints\Components\AC_AI_CombatManager.uasset: [Compiler] In use pin  Current Value  no longer exists on node  GetStatCurrentValue . Please refresh node or break links to remove pin.
[2026.01.07-04.27.39:135][  0]LogBlueprint: Error: [AssetLog] C:\scripts\SLFConversion\Content\SoulslikeFramework\Blueprints\Components\AC_AI_CombatManager.uasset: [Compiler] Can't connect pins  Stat Info  and  Stat Info : Only exactly matching structures are considered compatible.
[2026.01.07-04.27.39:136][  0]LogBlueprint: Error: [AssetLog] C:\scripts\SLFConversion\Content\SoulslikeFramework\Blueprints\Components\AC_AI_CombatManager.uasset: [Compiler] Can't connect pins  Stat Info  and  Stat Info : Only exactly matching structures are considered compatible.
[2026.01.07-04.27.39:136][  0]LogBlueprint: Error: [AssetLog] C:\scripts\SLFConversion\Content\SoulslikeFramework\Blueprints\Components\AC_AI_CombatManager.uasset: [Compiler] In use pin  Current Value  no longer exists on node  GetStatCurrentValue . Please refresh node or break links to remove pin.
[2026.01.07-04.27.39:137][  0]LogBlueprint: Error: [AssetLog] C:\scripts\SLFConversion\Content\SoulslikeFramework\Blueprints\Components\AC_AI_CombatManager.uasset: [Compiler] Can't connect pins  Return Value  and  Stat Manager : AC Stat Manager Object Reference is not compatible with AC Stat Manager Object Reference.
[2026.01.07-04.27.39:138][  0]LogBlueprint: Error: [AssetLog] C:\scripts\SLFConversion\Content\SoulslikeFramework\Blueprints\Components\AC_AI_CombatManager.uasset: [Compiler] Invalid pin connection from ' Return Value ' to ' Stat Manager '. You may have changed the type after the connections were made.
[2026.01.07-04.27.39:138][  0]LogBlueprint: Error: [AssetLog] C:\scripts\SLFConversion\Content\SoulslikeFramework\Blueprints\Components\AC_AI_CombatManager.uasset: [Compiler] Can't connect pins  Stat Info  and  Stat Info : Only exactly matching structures are considered compatible.
[2026.01.07-04.27.39:139][  0]LogBlueprint: Error: [AssetLog] C:\scripts\SLFConversion\Content\SoulslikeFramework\Blueprints\Components\AC_AI_CombatManager.uasset: [Compiler] Can't connect pins  Stat Info  and  Stat Info : Only exactly matching structures are considered compatible.
[2026.01.07-04.27.39:139][  0]LogBlueprint: Error: [AssetLog] C:\scripts\SLFConversion\Content\SoulslikeFramework\Blueprints\Components\AC_AI_CombatManager.uasset: [Compiler] In use pin  Current Value  no longer exists on node  GetStatCurrentValue . Please refresh node or break links to remove pin.
[2026.01.07-04.27.39:140][  0]LogBlueprint: Error: [AssetLog] C:\scripts\SLFConversion\Content\SoulslikeFramework\Blueprints\Components\AC_AI_CombatManager.uasset: [Compiler] Can't connect pins  Attack Power Stats  and  FWeapon Attack Power : Only exactly matching structures are considered compatible.
[2026.01.07-04.27.39:140][  0]LogBlueprint: Error: [AssetLog] C:\scripts\SLFConversion\Content\SoulslikeFramework\Blueprints\Components\AC_AI_CombatManager.uasset: [Compiler] Can't connect pins  Stat Manager  and  Return Value : AC Stat Manager Object Reference is not compatible with AC Stat Manager Object Reference.
[2026.01.07-04.27.39:141][  0]LogBlueprint: Error: [AssetLog] C:\scripts\SLFConversion\Content\SoulslikeFramework\Blueprints\Components\AC_AI_CombatManager.uasset: [Compiler] In use pin  Damage  no longer exists on node  CalculateWeaponDamage . Please refresh node or break links to remove pin.
[2026.01.07-04.27.39:141][  0]LogBlueprint: Error: [AssetLog] C:\scripts\SLFConversion\Content\SoulslikeFramework\Blueprints\Components\AC_AI_CombatManager.uasset: [Compiler] Can't connect pins  FWeapon Attack Power  and  Attack Power Stats : Only exactly matching structures are considered compatible.
[2026.01.07-04.27.39:164][  0]LogBlueprint: Error: [AssetLog] C:\scripts\SLFConversion\Content\SoulslikeFramework\Blueprints\Components\AC_CombatManager.uasset: [Compiler] Can't connect pins  Stat Info  and  Stat Info : Only exactly matching structures are considered compatible.
[2026.01.07-04.27.39:165][  0]LogBlueprint: Error: [AssetLog] C:\scripts\SLFConversion\Content\SoulslikeFramework\Blueprints\Components\AC_CombatManager.uasset: [Compiler] Can't connect pins  Stat Info  and  Stat Info : Only exactly matching structures are considered compatible.
[2026.01.07-04.27.39:165][  0]LogBlueprint: Error: [AssetLog] C:\scripts\SLFConversion\Content\SoulslikeFramework\Blueprints\Components\AC_CombatManager.uasset: [Compiler] In use pin  Current Value  no longer exists on node  GetStatCurrentValue . Please refresh node or break links to remove pin.
[2026.01.07-04.27.39:167][  0]LogBlueprint: Warning: [AssetLog] C:\scripts\SLFConversion\Content\SoulslikeFramework\Blueprints\Components\AC_CombatManager.uasset: [Compiler] GetEquipmentComponent  was pruned because its Exec pin is not connected, the connected value is not available and will instead be read as default
[2026.01.07-04.27.39:169][  0]LogBlueprint: Error: [AssetLog] C:\scripts\SLFConversion\Content\SoulslikeFramework\Blueprints\Components\AC_CombatManager.uasset: [Compiler] Can't connect pins  Stat Info  and  Stat Info : Only exactly matching structures are considered compatible.
[2026.01.07-04.27.39:170][  0]LogBlueprint: Error: [AssetLog] C:\scripts\SLFConversion\Content\SoulslikeFramework\Blueprints\Components\AC_CombatManager.uasset: [Compiler] Can't connect pins  Stat Info  and  Stat Info : Only exactly matching structures are considered compatible.
[2026.01.07-04.27.39:170][  0]LogBlueprint: Error: [AssetLog] C:\scripts\SLFConversion\Content\SoulslikeFramework\Blueprints\Components\AC_CombatManager.uasset: [Compiler] In use pin  Current Value  no longer exists on node  GetStatCurrentValue . Please refresh node or break links to remove pin.
[2026.01.07-04.27.39:173][  0]LogBlueprint: Warning: [AssetLog] C:\scripts\SLFConversion\Content\SoulslikeFramework\Blueprints\Components\AC_CombatManager.uasset: [Compiler] GetEquipmentComponent  was pruned because its Exec pin is not connected, the connected value is not available and will instead be read as default
[2026.01.07-04.27.39:174][  0]LogBlueprint: Warning: [AssetLog] C:\scripts\SLFConversion\Content\SoulslikeFramework\Blueprints\Components\AC_CombatManager.uasset: [Compiler] GetEquipmentComponent  was pruned because its Exec pin is not connected, the connected value is not available and will instead be read as default
[2026.01.07-04.27.39:175][  0]LogBlueprint: Error: [AssetLog] C:\scripts\SLFConversion\Content\SoulslikeFramework\Blueprints\Components\AC_CombatManager.uasset: [Compiler] Can't connect pins  Stat Info  and  Stat Info : Only exactly matching structures are considered compatible.
[2026.01.07-04.27.39:175][  0]LogBlueprint: Error: [AssetLog] C:\scripts\SLFConversion\Content\SoulslikeFramework\Blueprints\Components\AC_CombatManager.uasset: [Compiler] In use pin  Current Value  no longer exists on node  GetStatCurrentValue . Please refresh node or break links to remove pin.
[2026.01.07-04.27.39:176][  0]LogBlueprint: Error: [AssetLog] C:\scripts\SLFConversion\Content\SoulslikeFramework\Blueprints\Components\AC_CombatManager.uasset: [Compiler] Can't connect pins  Stat Info  and  Stat Info : Only exactly matching structures are considered compatible.
[2026.01.07-04.27.39:176][  0]LogBlueprint: Error: [AssetLog] C:\scripts\SLFConversion\Content\SoulslikeFramework\Blueprints\Components\AC_CombatManager.uasset: [Compiler] Can't connect pins  Stat Info  and  Stat Info : Only exactly matching structures are considered compatible.
[2026.01.07-04.27.39:177][  0]LogBlueprint: Error: [AssetLog] C:\scripts\SLFConversion\Content\SoulslikeFramework\Blueprints\Components\AC_CombatManager.uasset: [Compiler] Can't connect pins  Stat Info  and  Stat Info : Only exactly matching structures are considered compatible.
[2026.01.07-04.27.39:177][  0]LogBlueprint: Error: [AssetLog] C:\scripts\SLFConversion\Content\SoulslikeFramework\Blueprints\Components\AC_CombatManager.uasset: [Compiler] In use pin  Current Value  no longer exists on node  GetStatCurrentValue . Please refresh node or break links to remove pin.
[2026.01.07-04.27.39:178][  0]LogBlueprint: Error: [AssetLog] C:\scripts\SLFConversion\Content\SoulslikeFramework\Blueprints\Components\AC_CombatManager.uasset: [Compiler] Can't connect pins  Stat Info  and  Stat Info : Only exactly matching structures are considered compatible.
[2026.01.07-04.27.39:178][  0]LogBlueprint: Error: [AssetLog] C:\scripts\SLFConversion\Content\SoulslikeFramework\Blueprints\Components\AC_CombatManager.uasset: [Compiler] Can't connect pins  Stat Info  and  Stat Info : Only exactly matching structures are considered compatible.
[2026.01.07-04.27.39:179][  0]LogBlueprint: Error: [AssetLog] C:\scripts\SLFConversion\Content\SoulslikeFramework\Blueprints\Components\AC_CombatManager.uasset: [Compiler] Can't connect pins  Stat Info  and  Stat Info : Only exactly matching structures are considered compatible.
[2026.01.07-04.27.39:179][  0]LogBlueprint: Error: [AssetLog] C:\scripts\SLFConversion\Content\SoulslikeFramework\Blueprints\Components\AC_CombatManager.uasset: [Compiler] In use pin  Max Value  no longer exists on node  GetStatMaxValue . Please refresh node or break links to remove pin.
[2026.01.07-04.27.39:180][  0]LogBlueprint: Error: [AssetLog] C:\scripts\SLFConversion\Content\SoulslikeFramework\Blueprints\Components\AC_CombatManager.uasset: [Compiler] Can't connect pins  Stat Info  and  Stat Info : Only exactly matching structures are considered compatible.
[2026.01.07-04.27.39:180][  0]LogBlueprint: Error: [AssetLog] C:\scripts\SLFConversion\Content\SoulslikeFramework\Blueprints\Components\AC_CombatManager.uasset: [Compiler] In use pin  Max Value  no longer exists on node  GetStatMaxValue . Please refresh node or break links to remove pin.
[2026.01.07-04.27.39:181][  0]LogBlueprint: Error: [AssetLog] C:\scripts\SLFConversion\Content\SoulslikeFramework\Blueprints\Components\AC_CombatManager.uasset: [Compiler] Can't connect pins  Return Value  and  Stat Manager : AC Stat Manager Object Reference is not compatible with AC Stat Manager Object Reference.
[2026.01.07-04.27.39:181][  0]LogBlueprint: Error: [AssetLog] C:\scripts\SLFConversion\Content\SoulslikeFramework\Blueprints\Components\AC_CombatManager.uasset: [Compiler] Invalid pin connection from ' Return Value ' to ' Stat Manager '. You may have changed the type after the connections were made.
[2026.01.07-04.27.39:182][  0]LogBlueprint: Error: [AssetLog] C:\scripts\SLFConversion\Content\SoulslikeFramework\Blueprints\Components\AC_CombatManager.uasset: [Compiler] Can't connect pins  Stat Info  and  Stat Info : Only exactly matching structures are considered compatible.
[2026.01.07-04.27.39:182][  0]LogBlueprint: Error: [AssetLog] C:\scripts\SLFConversion\Content\SoulslikeFramework\Blueprints\Components\AC_CombatManager.uasset: [Compiler] Can't connect pins  Stat Info  and  Stat Info : Only exactly matching structures are considered compatible.
[2026.01.07-04.27.39:183][  0]LogBlueprint: Error: [AssetLog] C:\scripts\SLFConversion\Content\SoulslikeFramework\Blueprints\Components\AC_CombatManager.uasset: [Compiler] In use pin  Current Value  no longer exists on node  GetStatCurrentValue . Please refresh node or break links to remove pin.
[2026.01.07-04.27.39:183][  0]LogBlueprint: Error: [AssetLog] C:\scripts\SLFConversion\Content\SoulslikeFramework\Blueprints\Components\AC_CombatManager.uasset: [Compiler] Can't connect pins  Attack Power Stats  and  FWeapon Attack Power : Only exactly matching structures are considered compatible.
[2026.01.07-04.27.39:184][  0]LogBlueprint: Error: [AssetLog] C:\scripts\SLFConversion\Content\SoulslikeFramework\Blueprints\Components\AC_CombatManager.uasset: [Compiler] Can't connect pins  Stat Manager  and  Return Value : AC Stat Manager Object Reference is not compatible with AC Stat Manager Object Reference.
[2026.01.07-04.27.39:184][  0]LogBlueprint: Error: [AssetLog] C:\scripts\SLFConversion\Content\SoulslikeFramework\Blueprints\Components\AC_CombatManager.uasset: [Compiler] In use pin  Damage  no longer exists on node  CalculateWeaponDamage . Please refresh node or break links to remove pin.
[2026.01.07-04.27.39:185][  0]LogBlueprint: Error: [AssetLog] C:\scripts\SLFConversion\Content\SoulslikeFramework\Blueprints\Components\AC_CombatManager.uasset: [Compiler] Can't connect pins  FWeapon Attack Power  and  Attack Power Stats : Only exactly matching structures are considered compatible.
[2026.01.07-04.27.39:185][  0]LogBlueprint: Error: [AssetLog] C:\scripts\SLFConversion\Content\SoulslikeFramework\Blueprints\Components\AC_CombatManager.uasset: [Compiler] Can't connect pins  Stat Info  and  Stat Info : Only exactly matching structures are considered compatible.
[2026.01.07-04.27.39:186][  0]LogBlueprint: Error: [AssetLog] C:\scripts\SLFConversion\Content\SoulslikeFramework\Blueprints\Components\AC_CombatManager.uasset: [Compiler] Can't connect pins  Stat Info  and  Stat Info : Only exactly matching structures are considered compatible.
[2026.01.07-04.27.39:186][  0]LogBlueprint: Error: [AssetLog] C:\scripts\SLFConversion\Content\SoulslikeFramework\Blueprints\Components\AC_CombatManager.uasset: [Compiler] In use pin  Current Value  no longer exists on node  GetStatCurrentValue . Please refresh node or break links to remove pin.
[2026.01.07-04.27.39:187][  0]LogBlueprint: Error: [AssetLog] C:\scripts\SLFConversion\Content\SoulslikeFramework\Blueprints\Components\AC_CombatManager.uasset: [Compiler] Can't connect pins  Stat Info  and  Stat Info : Only exactly matching structures are considered compatible.
[2026.01.07-04.27.39:187][  0]LogBlueprint: Error: [AssetLog] C:\scripts\SLFConversion\Content\SoulslikeFramework\Blueprints\Components\AC_CombatManager.uasset: [Compiler] Can't connect pins  Stat Info  and  Stat Info : Only exactly matching structures are considered compatible.
[2026.01.07-04.27.39:188][  0]LogBlueprint: Error: [AssetLog] C:\scripts\SLFConversion\Content\SoulslikeFramework\Blueprints\Components\AC_CombatManager.uasset: [Compiler] In use pin  Current Value  no longer exists on node  GetStatCurrentValue . Please refresh node or break links to remove pin.
[2026.01.07-04.27.39:188][  0]LogBlueprint: Warning: [AssetLog] C:\scripts\SLFConversion\Content\SoulslikeFramework\Blueprints\Components\AC_CombatManager.uasset: [Compiler] GetSaveLoadComponent  was pruned because its Exec pin is not connected, the connected value is not available and will instead be read as default
[2026.01.07-04.27.39:191][  0]LogBlueprint: Error: [AssetLog] C:\scripts\SLFConversion\Content\SoulslikeFramework\Blueprints\Components\AC_CombatManager.uasset: [Compiler] This blueprint (self) is not a AC_EquipmentManager_C, therefore ' Target ' must have a connection.
[2026.01.07-04.27.39:192][  0]LogBlueprint: Error: [AssetLog] C:\scripts\SLFConversion\Content\SoulslikeFramework\Blueprints\Components\AC_CombatManager.uasset: [Compiler] This blueprint (self) is not a AC_SaveLoadManager_C, therefore ' Target ' must have a connection.
[2026.01.07-04.27.39:202][  0]LogBlueprint: Warning: [AssetLog] C:\scripts\SLFConversion\Content\SoulslikeFramework\Blueprints\Components\AC_EquipmentManager.uasset: [Compiler] GetSaveLoadComponent  was pruned because its Exec pin is not connected, the connected value is not available and will instead be read as default
[2026.01.07-04.27.39:203][  0]LogBlueprint: Error: [AssetLog] C:\scripts\SLFConversion\Content\SoulslikeFramework\Blueprints\Components\AC_EquipmentManager.uasset: [Compiler] Can't connect pins  Data  and  Loaded Data : Only exactly matching structures are considered compatible.
[2026.01.07-04.27.39:204][  0]LogBlueprint: Error: [AssetLog] C:\scripts\SLFConversion\Content\SoulslikeFramework\Blueprints\Components\AC_EquipmentManager.uasset: [Compiler] In use pin  Success?  no longer exists on node  GetSaveDataByTag . Please refresh node or break links to remove pin.
[2026.01.07-04.27.39:204][  0]LogBlueprint: Error: [AssetLog] C:\scripts\SLFConversion\Content\SoulslikeFramework\Blueprints\Components\AC_EquipmentManager.uasset: [Compiler] In use pin  Return Value  no longer exists on node  GetSaveDataByTag . Please refresh node or break links to remove pin.
[2026.01.07-04.27.39:205][  0]LogBlueprint: Error: [AssetLog] C:\scripts\SLFConversion\Content\SoulslikeFramework\Blueprints\Components\AC_EquipmentManager.uasset: [Compiler] Can't connect pins  Loaded Data  and  Data : Only exactly matching structures are considered compatible.
[2026.01.07-04.27.39:260][  0]LogBlueprint: Error: [AssetLog] C:\scripts\SLFConversion\Content\SoulslikeFramework\Blueprints\Components\AC_EquipmentManager.uasset: [Compiler] This blueprint (self) is not a AC_SaveLoadManager_C, therefore ' Target ' must have a connection.
[2026.01.07-04.27.39:274][  0]LogBlueprint: Error: [AssetLog] C:\scripts\SLFConversion\Content\SoulslikeFramework\Blueprints\Components\AC_InteractionManager.uasset: [Compiler] In use pin  Enemy  no longer exists on node  Is Enemy Dead? . Please refresh node or break links to remove pin.
[2026.01.07-04.27.39:275][  0]LogBlueprint: Error: [AssetLog] C:\scripts\SLFConversion\Content\SoulslikeFramework\Blueprints\Components\AC_InteractionManager.uasset: [Compiler] In use pin  Return Value  no longer exists on node  Is Enemy Dead? . Please refresh node or break links to remove pin.
[2026.01.07-04.27.39:276][  0]LogBlueprint: Error: [AssetLog] C:\scripts\SLFConversion\Content\SoulslikeFramework\Blueprints\Components\AC_InteractionManager.uasset: [Compiler] Could not find a function named "IsEnemyDead?" in 'AC_InteractionManager'.
Make sure 'AC_InteractionManager' has been compiled for  Is Enemy Dead?
[2026.01.07-04.27.39:282][  0]LogBlueprint: Warning: [AssetLog] C:\scripts\SLFConversion\Content\SoulslikeFramework\Blueprints\Components\AC_InventoryManager.uasset: [Compiler] GetSaveLoadComponent  was pruned because its Exec pin is not connected, the connected value is not available and will instead be read as default
[2026.01.07-04.27.39:283][  0]LogBlueprint: Error: [AssetLog] C:\scripts\SLFConversion\Content\SoulslikeFramework\Blueprints\Components\AC_InventoryManager.uasset: [Compiler] Can't connect pins  Data  and  Loaded Data : Only exactly matching structures are considered compatible.
[2026.01.07-04.27.39:284][  0]LogBlueprint: Error: [AssetLog] C:\scripts\SLFConversion\Content\SoulslikeFramework\Blueprints\Components\AC_InventoryManager.uasset: [Compiler] In use pin  Success?  no longer exists on node  GetSaveDataByTag . Please refresh node or break links to remove pin.
[2026.01.07-04.27.39:284][  0]LogBlueprint: Error: [AssetLog] C:\scripts\SLFConversion\Content\SoulslikeFramework\Blueprints\Components\AC_InventoryManager.uasset: [Compiler] In use pin  Return Value  no longer exists on node  GetSaveDataByTag . Please refresh node or break links to remove pin.
[2026.01.07-04.27.39:284][  0]LogBlueprint: Error: [AssetLog] C:\scripts\SLFConversion\Content\SoulslikeFramework\Blueprints\Components\AC_InventoryManager.uasset: [Compiler] Can't connect pins  Data  and  Loaded Data : Only exactly matching structures are considered compatible.
[2026.01.07-04.27.39:285][  0]LogBlueprint: Error: [AssetLog] C:\scripts\SLFConversion\Content\SoulslikeFramework\Blueprints\Components\AC_InventoryManager.uasset: [Compiler] In use pin  Success?  no longer exists on node  GetSaveDataByTag . Please refresh node or break links to remove pin.
[2026.01.07-04.27.39:285][  0]LogBlueprint: Error: [AssetLog] C:\scripts\SLFConversion\Content\SoulslikeFramework\Blueprints\Components\AC_InventoryManager.uasset: [Compiler] In use pin  Return Value  no longer exists on node  GetSaveDataByTag . Please refresh node or break links to remove pin.
[2026.01.07-04.27.39:286][  0]LogBlueprint: Error: [AssetLog] C:\scripts\SLFConversion\Content\SoulslikeFramework\Blueprints\Components\AC_InventoryManager.uasset: [Compiler] Can't connect pins  Data  and  Loaded Data : Only exactly matching structures are considered compatible.
[2026.01.07-04.27.39:286][  0]LogBlueprint: Error: [AssetLog] C:\scripts\SLFConversion\Content\SoulslikeFramework\Blueprints\Components\AC_InventoryManager.uasset: [Compiler] In use pin  Success?  no longer exists on node  GetSaveDataByTag . Please refresh node or break links to remove pin.
[2026.01.07-04.27.39:287][  0]LogBlueprint: Error: [AssetLog] C:\scripts\SLFConversion\Content\SoulslikeFramework\Blueprints\Components\AC_InventoryManager.uasset: [Compiler] In use pin  Return Value  no longer exists on node  GetSaveDataByTag . Please refresh node or break links to remove pin.
[2026.01.07-04.27.39:287][  0]LogBlueprint: Error: [AssetLog] C:\scripts\SLFConversion\Content\SoulslikeFramework\Blueprints\Components\AC_InventoryManager.uasset: [Compiler] Can't connect pins  Loaded Data  and  Data : Only exactly matching structures are considered compatible.
[2026.01.07-04.27.39:331][  0]LogBlueprint: Error: [AssetLog] C:\scripts\SLFConversion\Content\SoulslikeFramework\Blueprints\Components\AC_InventoryManager.uasset: [Compiler] This blueprint (self) is not a AC_SaveLoadManager_C, therefore ' Target ' must have a connection.
[2026.01.07-04.27.39:355][  0]LogBlueprint: Warning: [AssetLog] C:\scripts\SLFConversion\Content\SoulslikeFramework\Blueprints\Components\AC_ProgressManager.uasset: [Compiler] GetSaveLoadComponent  was pruned because its Exec pin is not connected, the connected value is not available and will instead be read as default
[2026.01.07-04.27.39:355][  0]LogBlueprint: Error: [AssetLog] C:\scripts\SLFConversion\Content\SoulslikeFramework\Blueprints\Components\AC_ProgressManager.uasset: [Compiler] Can't connect pins  Data  and  Loaded Data : Only exactly matching structures are considered compatible.
[2026.01.07-04.27.39:356][  0]LogBlueprint: Error: [AssetLog] C:\scripts\SLFConversion\Content\SoulslikeFramework\Blueprints\Components\AC_ProgressManager.uasset: [Compiler] In use pin  Success?  no longer exists on node  GetSaveDataByTag . Please refresh node or break links to remove pin.
[2026.01.07-04.27.39:356][  0]LogBlueprint: Error: [AssetLog] C:\scripts\SLFConversion\Content\SoulslikeFramework\Blueprints\Components\AC_ProgressManager.uasset: [Compiler] In use pin  Return Value  no longer exists on node  GetSaveDataByTag . Please refresh node or break links to remove pin.
[2026.01.07-04.27.39:357][  0]LogBlueprint: Error: [AssetLog] C:\scripts\SLFConversion\Content\SoulslikeFramework\Blueprints\Components\AC_ProgressManager.uasset: [Compiler] Can't connect pins  Data  and  Loaded Data : Only exactly matching structures are considered compatible.
[2026.01.07-04.27.39:358][  0]LogBlueprint: Error: [AssetLog] C:\scripts\SLFConversion\Content\SoulslikeFramework\Blueprints\Components\AC_ProgressManager.uasset: [Compiler] In use pin  Success?  no longer exists on node  GetSaveDataByTag . Please refresh node or break links to remove pin.
[2026.01.07-04.27.39:358][  0]LogBlueprint: Error: [AssetLog] C:\scripts\SLFConversion\Content\SoulslikeFramework\Blueprints\Components\AC_ProgressManager.uasset: [Compiler] In use pin  Return Value  no longer exists on node  GetSaveDataByTag . Please refresh node or break links to remove pin.
[2026.01.07-04.27.39:359][  0]LogBlueprint: Error: [AssetLog] C:\scripts\SLFConversion\Content\SoulslikeFramework\Blueprints\Components\AC_ProgressManager.uasset: [Compiler] Can't connect pins  Loaded Data  and  Data : Only exactly matching structures are considered compatible.
[2026.01.07-04.27.39:359][  0]LogBlueprint: Warning: [AssetLog] C:\scripts\SLFConversion\Content\SoulslikeFramework\Blueprints\Components\AC_ProgressManager.uasset: [Compiler] GetLocalProgressManager  was pruned because its Exec pin is not connected, the connected value is not available and will instead be read as default
[2026.01.07-04.27.39:362][  0]LogBlueprint: Error: [AssetLog] C:\scripts\SLFConversion\Content\SoulslikeFramework\Blueprints\Components\AC_ProgressManager.uasset: [Compiler] This blueprint (self) is not a AC_SaveLoadManager_C, therefore ' Target ' must have a connection.
[2026.01.07-04.27.39:384][  0]LogBlueprint: Warning: [AssetLog] C:\scripts\SLFConversion\Content\SoulslikeFramework\Blueprints\Components\AC_StatManager.uasset: [Compiler] GetSaveLoadComponent  was pruned because its Exec pin is not connected, the connected value is not available and will instead be read as default
[2026.01.07-04.27.39:385][  0]LogBlueprint: Error: [AssetLog] C:\scripts\SLFConversion\Content\SoulslikeFramework\Blueprints\Components\AC_StatManager.uasset: [Compiler] Can't connect pins  Loaded Data  and  Data : Only exactly matching structures are considered compatible.
[2026.01.07-04.27.39:386][  0]LogBlueprint: Error: [AssetLog] C:\scripts\SLFConversion\Content\SoulslikeFramework\Blueprints\Components\AC_StatManager.uasset: [Compiler] Can't connect pins  Data  and  Loaded Data : Only exactly matching structures are considered compatible.
[2026.01.07-04.27.39:387][  0]LogBlueprint: Error: [AssetLog] C:\scripts\SLFConversion\Content\SoulslikeFramework\Blueprints\Components\AC_StatManager.uasset: [Compiler] In use pin  Success?  no longer exists on node  GetSaveDataByTag . Please refresh node or break links to remove pin.
[2026.01.07-04.27.39:388][  0]LogBlueprint: Error: [AssetLog] C:\scripts\SLFConversion\Content\SoulslikeFramework\Blueprints\Components\AC_StatManager.uasset: [Compiler] In use pin  Return Value  no longer exists on node  GetSaveDataByTag . Please refresh node or break links to remove pin.
[2026.01.07-04.27.39:389][  0]LogBlueprint: Error: [AssetLog] C:\scripts\SLFConversion\Content\SoulslikeFramework\Blueprints\Components\AC_StatManager.uasset: [Compiler] Can't connect pins  Data  and  Loaded Data : Only exactly matching structures are considered compatible.
[2026.01.07-04.27.39:389][  0]LogBlueprint: Error: [AssetLog] C:\scripts\SLFConversion\Content\SoulslikeFramework\Blueprints\Components\AC_StatManager.uasset: [Compiler] In use pin  Success?  no longer exists on node  GetSaveDataByTag . Please refresh node or break links to remove pin.
[2026.01.07-04.27.39:390][  0]LogBlueprint: Error: [AssetLog] C:\scripts\SLFConversion\Content\SoulslikeFramework\Blueprints\Components\AC_StatManager.uasset: [Compiler] In use pin  Return Value  no longer exists on node  GetSaveDataByTag . Please refresh node or break links to remove pin.
[2026.01.07-04.27.39:390][  0]LogBlueprint: Error: [AssetLog] C:\scripts\SLFConversion\Content\SoulslikeFramework\Blueprints\Components\AC_StatManager.uasset: [Compiler] Can't connect pins  Stat Info  and  Stat Info : Only exactly matching structures are considered compatible.
[2026.01.07-04.27.39:391][  0]LogBlueprint: Error: [AssetLog] C:\scripts\SLFConversion\Content\SoulslikeFramework\Blueprints\Components\AC_StatManager.uasset: [Compiler] Can't connect pins  Stat Info  and  Stat Info : Only exactly matching structures are considered compatible.
[2026.01.07-04.27.39:391][  0]LogBlueprint: Error: [AssetLog] C:\scripts\SLFConversion\Content\SoulslikeFramework\Blueprints\Components\AC_StatManager.uasset: [Compiler] In use pin  Current Value  no longer exists on node  GetStatCurrentValue . Please refresh node or break links to remove pin.
[2026.01.07-04.27.39:392][  0]LogBlueprint: Error: [AssetLog] C:\scripts\SLFConversion\Content\SoulslikeFramework\Blueprints\Components\AC_StatManager.uasset: [Compiler] Can't connect pins  Stat Info  and  Stat Info : Only exactly matching structures are considered compatible.
[2026.01.07-04.27.39:393][  0]LogBlueprint: Error: [AssetLog] C:\scripts\SLFConversion\Content\SoulslikeFramework\Blueprints\Components\AC_StatManager.uasset: [Compiler] In use pin  Max Value  no longer exists on node  GetStatMaxValue . Please refresh node or break links to remove pin.
[2026.01.07-04.27.39:398][  0]LogBlueprint: Error: [AssetLog] C:\scripts\SLFConversion\Content\SoulslikeFramework\Blueprints\Components\AC_StatManager.uasset: [Compiler] This blueprint (self) is not a AC_SaveLoadManager_C, therefore ' Target ' must have a connection.
[2026.01.07-04.27.39:409][  0]LogBlueprint: Error: [AssetLog] C:\scripts\SLFConversion\Content\SoulslikeFramework\Blueprints\_WorldActors\Interactables\B_Interactable.uasset: [Compiler] Can't connect pins  Data  and  Loaded Data : Only exactly matching structures are considered compatible.
[2026.01.07-04.27.39:410][  0]LogBlueprint: Error: [AssetLog] C:\scripts\SLFConversion\Content\SoulslikeFramework\Blueprints\_WorldActors\Interactables\B_Interactable.uasset: [Compiler] In use pin  Success?  no longer exists on node  GetSaveDataByTag . Please refresh node or break links to remove pin.
[2026.01.07-04.27.39:411][  0]LogBlueprint: Error: [AssetLog] C:\scripts\SLFConversion\Content\SoulslikeFramework\Blueprints\_WorldActors\Interactables\B_Interactable.uasset: [Compiler] In use pin  Return Value  no longer exists on node  GetSaveDataByTag . Please refresh node or break links to remove pin.
[2026.01.07-04.27.39:412][  0]LogBlueprint: Error: [AssetLog] C:\scripts\SLFConversion\Content\SoulslikeFramework\Blueprints\_WorldActors\Interactables\B_Interactable.uasset: [Compiler] Can't connect pins  Loaded Data  and  Data : Only exactly matching structures are considered compatible.
[2026.01.07-04.27.39:412][  0]LogBlueprint: Warning: [AssetLog] C:\scripts\SLFConversion\Content\SoulslikeFramework\Blueprints\_WorldActors\Interactables\B_Interactable.uasset: [Compiler] GetSaveLoadComponent  was pruned because its Exec pin is not connected, the connected value is not available and will instead be read as default
[2026.01.07-04.27.39:413][  0]LogBlueprint: Warning: [AssetLog] C:\scripts\SLFConversion\Content\SoulslikeFramework\Blueprints\_WorldActors\Interactables\B_Interactable.uasset: [Compiler] GetSaveLoadComponent  was pruned because its Exec pin is not connected, the connected value is not available and will instead be read as default
[2026.01.07-04.27.39:413][  0]LogBlueprint: Error: [AssetLog] C:\scripts\SLFConversion\Content\SoulslikeFramework\Blueprints\_WorldActors\Interactables\B_Interactable.uasset: [Compiler] This blueprint (self) is not a AC_SaveLoadManager_C, therefore ' Target ' must have a connection.
[2026.01.07-04.27.39:414][  0]LogBlueprint: Error: [AssetLog] C:\scripts\SLFConversion\Content\SoulslikeFramework\Blueprints\_WorldActors\Interactables\B_Interactable.uasset: [Compiler] This blueprint (self) is not a AC_SaveLoadManager_C, therefore ' Target ' must have a connection.
[2026.01.07-04.27.39:422][  0]LogBlueprint: Warning: [AssetLog] C:\scripts\SLFConversion\Content\SoulslikeFramework\Blueprints\_WorldActors\Interactables\B_DeathCurrency.uasset: [Compiler] GetSaveLoadComponent  was pruned because its Exec pin is not connected, the connected value is not available and will instead be read as default
[2026.01.07-04.27.39:423][  0]LogBlueprint: Warning: [AssetLog] C:\scripts\SLFConversion\Content\SoulslikeFramework\Blueprints\_WorldActors\Interactables\B_DeathCurrency.uasset: [Compiler] GetInventoryComponent  was pruned because its Exec pin is not connected, the connected value is not available and will instead be read as default
[2026.01.07-04.27.39:425][  0]LogBlueprint: Error: [AssetLog] C:\scripts\SLFConversion\Content\SoulslikeFramework\Blueprints\_WorldActors\Interactables\B_DeathCurrency.uasset: [Compiler] This blueprint (self) is not a AC_SaveLoadManager_C, therefore ' Target ' must have a connection.
[2026.01.07-04.27.39:426][  0]LogBlueprint: Error: [AssetLog] C:\scripts\SLFConversion\Content\SoulslikeFramework\Blueprints\_WorldActors\Interactables\B_DeathCurrency.uasset: [Compiler] This blueprint (self) is not a AC_InventoryManager_C, therefore ' Target ' must have a connection.
[2026.01.07-04.27.39:433][  0]LogBlueprint: Warning: [AssetLog] C:\scripts\SLFConversion\Content\SoulslikeFramework\Blueprints\_WorldActors\Interactables\B_Door.uasset: [Compiler] GetInventoryComponent  was pruned because its Exec pin is not connected, the connected value is not available and will instead be read as default
[2026.01.07-04.27.39:456][  0]LogBlueprint: Warning: [AssetLog] C:\scripts\SLFConversion\Content\SoulslikeFramework\Blueprints\_WorldActors\_Items\B_PickupItem.uasset: [Compiler] GetSaveLoadComponent  was pruned because its Exec pin is not connected, the connected value is not available and will instead be read as default
[2026.01.07-04.27.39:457][  0]LogBlueprint: Warning: [AssetLog] C:\scripts\SLFConversion\Content\SoulslikeFramework\Blueprints\_WorldActors\_Items\B_PickupItem.uasset: [Compiler] GetSaveLoadComponent  was pruned because its Exec pin is not connected, the connected value is not available and will instead be read as default
[2026.01.07-04.27.39:458][  0]LogBlueprint: Error: [AssetLog] C:\scripts\SLFConversion\Content\SoulslikeFramework\Blueprints\_WorldActors\_Items\B_PickupItem.uasset: [Compiler] Can't connect pins  Data  and  Loaded Data : Only exactly matching structures are considered compatible.
[2026.01.07-04.27.39:458][  0]LogBlueprint: Error: [AssetLog] C:\scripts\SLFConversion\Content\SoulslikeFramework\Blueprints\_WorldActors\_Items\B_PickupItem.uasset: [Compiler] In use pin  Success?  no longer exists on node  GetSaveDataByTag . Please refresh node or break links to remove pin.
[2026.01.07-04.27.39:459][  0]LogBlueprint: Error: [AssetLog] C:\scripts\SLFConversion\Content\SoulslikeFramework\Blueprints\_WorldActors\_Items\B_PickupItem.uasset: [Compiler] In use pin  Return Value  no longer exists on node  GetSaveDataByTag . Please refresh node or break links to remove pin.
[2026.01.07-04.27.39:459][  0]LogBlueprint: Error: [AssetLog] C:\scripts\SLFConversion\Content\SoulslikeFramework\Blueprints\_WorldActors\_Items\B_PickupItem.uasset: [Compiler] Can't connect pins  Loaded Data  and  Data : Only exactly matching structures are considered compatible.
[2026.01.07-04.27.39:461][  0]LogBlueprint: Error: [AssetLog] C:\scripts\SLFConversion\Content\SoulslikeFramework\Blueprints\_WorldActors\_Items\B_PickupItem.uasset: [Compiler] This blueprint (self) is not a AC_SaveLoadManager_C, therefore ' Target ' must have a connection.
[2026.01.07-04.27.39:461][  0]LogBlueprint: Error: [AssetLog] C:\scripts\SLFConversion\Content\SoulslikeFramework\Blueprints\_WorldActors\_Items\B_PickupItem.uasset: [Compiler] This blueprint (self) is not a AC_SaveLoadManager_C, therefore ' Target ' must have a connection.
[2026.01.07-04.27.39:525][  0]LogBlueprint: Warning: [AssetLog] C:\scripts\SLFConversion\Content\SoulslikeFramework\Widgets\HUD\W_AbilityDisplay.uasset: [Compiler] GetEquipmentComponent  was pruned because its Exec pin is not connected, the connected value is not available and will instead be read as default
[2026.01.07-04.27.39:526][  0]LogBlueprint: Error: [AssetLog] C:\scripts\SLFConversion\Content\SoulslikeFramework\Widgets\HUD\W_AbilityDisplay.uasset: [Compiler] This blueprint (self) is not a AC_EquipmentManager_C, therefore ' Target ' must have a connection.
[2026.01.07-04.27.39:531][  0]LogBlueprint: Error: [AssetLog] C:\scripts\SLFConversion\Content\SoulslikeFramework\Widgets\HUD\W_Boss_Healthbar.uasset: [Compiler] Can't connect pins  Stat Info  and  Stat Info : Only exactly matching structures are considered compatible.
[2026.01.07-04.27.39:531][  0]LogBlueprint: Error: [AssetLog] C:\scripts\SLFConversion\Content\SoulslikeFramework\Widgets\HUD\W_Boss_Healthbar.uasset: [Compiler] In use pin  Max Value  no longer exists on node  GetStatMaxValue . Please refresh node or break links to remove pin.
[2026.01.07-04.27.39:531][  0]LogBlueprint: Error: [AssetLog] C:\scripts\SLFConversion\Content\SoulslikeFramework\Widgets\HUD\W_Boss_Healthbar.uasset: [Compiler] Can't connect pins  Stat Info  and  Stat Info : Only exactly matching structures are considered compatible.
[2026.01.07-04.27.39:533][  0]LogBlueprint: Error: [AssetLog] C:\scripts\SLFConversion\Content\SoulslikeFramework\Widgets\HUD\W_Boss_Healthbar.uasset: [Compiler] In use pin  Current Value  no longer exists on node  GetStatCurrentValue . Please refresh node or break links to remove pin.
[2026.01.07-04.27.39:533][  0]LogBlueprint: Error: [AssetLog] C:\scripts\SLFConversion\Content\SoulslikeFramework\Widgets\HUD\W_Boss_Healthbar.uasset: [Compiler] Can't connect pins  Stat Info  and  Stat Info : Only exactly matching structures are considered compatible.
[2026.01.07-04.27.39:550][  0]LogBlueprint: Warning: [AssetLog] C:\scripts\SLFConversion\Content\SoulslikeFramework\Widgets\HUD\W_CurrencyContainer.uasset: [Compiler] GetInventoryComponent  was pruned because its Exec pin is not connected, the connected value is not available and will instead be read as default
[2026.01.07-04.27.39:551][  0]LogBlueprint: Error: [AssetLog] C:\scripts\SLFConversion\Content\SoulslikeFramework\Widgets\HUD\W_CurrencyContainer.uasset: [Compiler] This blueprint (self) is not a AC_InventoryManager_C, therefore ' Target ' must have a connection.
[2026.01.07-04.27.39:551][  0]LogBlueprint: Error: [AssetLog] C:\scripts\SLFConversion\Content\SoulslikeFramework\Widgets\HUD\W_CurrencyContainer.uasset: [Compiler] This blueprint (self) is not a AC_InventoryManager_C, therefore ' Target ' must have a connection.
[2026.01.07-04.27.39:552][  0]LogBlueprint: Warning: [AssetLog] C:\scripts\SLFConversion\Content\SoulslikeFramework\Widgets\RestMenu\LevelUpMenu\W_CurrencyEntry.uasset: [Compiler] GetInventoryComponent  was pruned because its Exec pin is not connected, the connected value is not available and will instead be read as default
[2026.01.07-04.27.39:552][  0]LogBlueprint: Error: [AssetLog] C:\scripts\SLFConversion\Content\SoulslikeFramework\Widgets\RestMenu\LevelUpMenu\W_CurrencyEntry.uasset: [Compiler] This blueprint (self) is not a AC_InventoryManager_C, therefore ' Target ' must have a connection.
[2026.01.07-04.27.39:553][  0]LogBlueprint: Error: [AssetLog] C:\scripts\SLFConversion\Content\SoulslikeFramework\Widgets\RestMenu\LevelUpMenu\W_CurrencyEntry.uasset: [Compiler] This blueprint (self) is not a AC_InventoryManager_C, therefore ' Target ' must have a connection.
[2026.01.07-04.27.39:578][  0]LogBlueprint: Error: [AssetLog] C:\scripts\SLFConversion\Content\SoulslikeFramework\Widgets\_Debug\W_DebugWindow.uasset: [Compiler] In use pin  Tag Name  no longer exists on node  ParseOutTagName . Please refresh node or break links to remove pin.
[2026.01.07-04.27.39:605][  0]LogBlueprint: Error: [AssetLog] C:\scripts\SLFConversion\Content\SoulslikeFramework\Widgets\Equipment\W_Equipment_Item_AttackPower.uasset: [Compiler] In use pin  Tag Name  no longer exists on node  ParseOutTagName . Please refresh node or break links to remove pin.
[2026.01.07-04.27.39:607][  0]LogBlueprint: Error: [AssetLog] C:\scripts\SLFConversion\Content\SoulslikeFramework\Widgets\Equipment\W_Equipment_Item_DamageNegation.uasset: [Compiler] In use pin  Tag Name  no longer exists on node  ParseOutTagName . Please refresh node or break links to remove pin.
[2026.01.07-04.27.39:610][  0]LogBlueprint: Warning: [AssetLog] C:\scripts\SLFConversion\Content\SoulslikeFramework\Widgets\Equipment\W_Equipment_Item_RequiredStats.uasset: [Compiler] Input pin  Shorten?  specifying non-default value no longer exists on node  ParseOutTagName . Please refresh node or reset pin to default value to remove pin.
[2026.01.07-04.27.39:611][  0]LogBlueprint: Error: [AssetLog] C:\scripts\SLFConversion\Content\SoulslikeFramework\Widgets\Equipment\W_Equipment_Item_RequiredStats.uasset: [Compiler] In use pin  Tag Name  no longer exists on node  ParseOutTagName . Please refresh node or break links to remove pin.
[2026.01.07-04.27.39:612][  0]LogBlueprint: Error: [AssetLog] C:\scripts\SLFConversion\Content\SoulslikeFramework\Widgets\Equipment\W_Equipment_Item_Resistance.uasset: [Compiler] In use pin  Tag Name  no longer exists on node  ParseOutTagName . Please refresh node or break links to remove pin.
[2026.01.07-04.27.39:614][  0]LogBlueprint: Warning: [AssetLog] C:\scripts\SLFConversion\Content\SoulslikeFramework\Widgets\Equipment\W_Equipment_Item_StatScaling.uasset: [Compiler] Input pin  Shorten?  specifying non-default value no longer exists on node  ParseOutTagName . Please refresh node or reset pin to default value to remove pin.
[2026.01.07-04.27.39:615][  0]LogBlueprint: Error: [AssetLog] C:\scripts\SLFConversion\Content\SoulslikeFramework\Widgets\Equipment\W_Equipment_Item_StatScaling.uasset: [Compiler] In use pin  Tag Name  no longer exists on node  ParseOutTagName . Please refresh node or break links to remove pin.
[2026.01.07-04.27.39:616][  0]LogBlueprint: Error: [AssetLog] C:\scripts\SLFConversion\Content\SoulslikeFramework\Widgets\Equipment\W_Equipment_Item_StatsGranted.uasset: [Compiler] In use pin  Tag Name  no longer exists on node  ParseOutTagName . Please refresh node or break links to remove pin.
[2026.01.07-04.27.39:620][  0]LogBlueprint: Warning: [AssetLog] C:\scripts\SLFConversion\Content\SoulslikeFramework\Widgets\HUD\W_FirstLootNotification.uasset: [Compiler] ParseStringLength  was pruned because its Exec pin is not connected, the connected value is not available and will instead be read as default
[2026.01.07-04.27.39:639][  0]LogBlueprint: Error: [AssetLog] C:\scripts\SLFConversion\Content\SoulslikeFramework\Widgets\HUD\W_HUD.uasset: [Compiler] Can't connect pins  Loaded Data  and  Data : Only exactly matching structures are considered compatible.
[2026.01.07-04.27.39:640][  0]LogBlueprint: Error: [AssetLog] C:\scripts\SLFConversion\Content\SoulslikeFramework\Widgets\HUD\W_HUD.uasset: [Compiler] Can't connect pins  Data  and  Loaded Data : Only exactly matching structures are considered compatible.
[2026.01.07-04.27.39:640][  0]LogBlueprint: Error: [AssetLog] C:\scripts\SLFConversion\Content\SoulslikeFramework\Widgets\HUD\W_HUD.uasset: [Compiler] In use pin  Success?  no longer exists on node  GetSaveDataByTag . Please refresh node or break links to remove pin.
[2026.01.07-04.27.39:641][  0]LogBlueprint: Error: [AssetLog] C:\scripts\SLFConversion\Content\SoulslikeFramework\Widgets\HUD\W_HUD.uasset: [Compiler] In use pin  Return Value  no longer exists on node  GetSaveDataByTag . Please refresh node or break links to remove pin.
[2026.01.07-04.27.39:645][  0]LogBlueprint: Warning: [AssetLog] C:\scripts\SLFConversion\Content\SoulslikeFramework\Widgets\HUD\W_HUD.uasset: [Compiler] GetEquipmentComponent  was pruned because its Exec pin is not connected, the connected value is not available and will instead be read as default
[2026.01.07-04.27.39:646][  0]LogBlueprint: Warning: [AssetLog] C:\scripts\SLFConversion\Content\SoulslikeFramework\Widgets\HUD\W_HUD.uasset: [Compiler] GetInventoryComponent  was pruned because its Exec pin is not connected, the connected value is not available and will instead be read as default
[2026.01.07-04.27.39:646][  0]LogBlueprint: Warning: [AssetLog] C:\scripts\SLFConversion\Content\SoulslikeFramework\Widgets\HUD\W_HUD.uasset: [Compiler] GetSaveLoadComponent  was pruned because its Exec pin is not connected, the connected value is not available and will instead be read as default
[2026.01.07-04.27.39:653][  0]LogBlueprint: Error: [AssetLog] C:\scripts\SLFConversion\Content\SoulslikeFramework\Widgets\HUD\W_HUD.uasset: [Compiler] This blueprint (self) is not a AC_EquipmentManager_C, therefore ' Target ' must have a connection.
[2026.01.07-04.27.39:653][  0]LogBlueprint: Error: [AssetLog] C:\scripts\SLFConversion\Content\SoulslikeFramework\Widgets\HUD\W_HUD.uasset: [Compiler] This blueprint (self) is not a AC_SaveLoadManager_C, therefore ' Target ' must have a connection.
[2026.01.07-04.27.39:654][  0]LogBlueprint: Error: [AssetLog] C:\scripts\SLFConversion\Content\SoulslikeFramework\Widgets\HUD\W_HUD.uasset: [Compiler] This blueprint (self) is not a AC_InventoryManager_C, therefore ' Target ' must have a connection.
[2026.01.07-04.27.39:664][  0]LogBlueprint: Warning: [AssetLog] C:\scripts\SLFConversion\Content\SoulslikeFramework\Widgets\Inventory\W_InventoryAction.uasset: [Compiler] GetInventoryComponent  was pruned because its Exec pin is not connected, the connected value is not available and will instead be read as default
[2026.01.07-04.27.39:664][  0]LogBlueprint: Warning: [AssetLog] C:\scripts\SLFConversion\Content\SoulslikeFramework\Widgets\Inventory\W_InventoryAction.uasset: [Compiler] GetInventoryComponent  was pruned because its Exec pin is not connected, the connected value is not available and will instead be read as default
[2026.01.07-04.27.39:665][  0]LogBlueprint: Warning: [AssetLog] C:\scripts\SLFConversion\Content\SoulslikeFramework\Widgets\Inventory\W_InventoryAction.uasset: [Compiler] GetInventoryComponent  was pruned because its Exec pin is not connected, the connected value is not available and will instead be read as default
[2026.01.07-04.27.39:670][  0]LogBlueprint: Error: [AssetLog] C:\scripts\SLFConversion\Content\SoulslikeFramework\Widgets\Inventory\W_InventoryAction.uasset: [Compiler] This blueprint (self) is not a AC_InventoryManager_C, therefore ' Target ' must have a connection.
[2026.01.07-04.27.39:670][  0]LogBlueprint: Error: [AssetLog] C:\scripts\SLFConversion\Content\SoulslikeFramework\Widgets\Inventory\W_InventoryAction.uasset: [Compiler] This blueprint (self) is not a AC_InventoryManager_C, therefore ' Target ' must have a connection.
[2026.01.07-04.27.39:671][  0]LogBlueprint: Error: [AssetLog] C:\scripts\SLFConversion\Content\SoulslikeFramework\Widgets\Inventory\W_InventoryAction.uasset: [Compiler] This blueprint (self) is not a AC_InventoryManager_C, therefore ' Target ' must have a connection.
[2026.01.07-04.27.39:671][  0]LogBlueprint: Error: [AssetLog] C:\scripts\SLFConversion\Content\SoulslikeFramework\Widgets\Inventory\W_InventoryAction.uasset: [Compiler] This blueprint (self) is not a AC_InventoryManager_C, therefore ' Target ' must have a connection.
[2026.01.07-04.27.39:672][  0]LogBlueprint: Error: [AssetLog] C:\scripts\SLFConversion\Content\SoulslikeFramework\Widgets\Inventory\W_InventoryAction.uasset: [Compiler] This blueprint (self) is not a AC_InventoryManager_C, therefore ' Target ' must have a connection.
[2026.01.07-04.27.39:672][  0]LogBlueprint: Error: [AssetLog] C:\scripts\SLFConversion\Content\SoulslikeFramework\Widgets\Inventory\W_InventoryAction.uasset: [Compiler] This blueprint (self) is not a AC_InventoryManager_C, therefore ' Target ' must have a connection.
[2026.01.07-04.27.39:673][  0]LogBlueprint: Error: [AssetLog] C:\scripts\SLFConversion\Content\SoulslikeFramework\Widgets\Inventory\W_InventoryAction.uasset: [Compiler] This blueprint (self) is not a AC_InventoryManager_C, therefore ' Target ' must have a connection.
[2026.01.07-04.27.39:710][  0]LogBlueprint: Warning: [AssetLog] C:\scripts\SLFConversion\Content\SoulslikeFramework\Widgets\RestMenu\LevelUpMenu\W_LevelCurrencyBlock_LevelUp.uasset: [Compiler] GetInventoryComponent  was pruned because its Exec pin is not connected, the connected value is not available and will instead be read as default
[2026.01.07-04.27.39:712][  0]LogBlueprint: Error: [AssetLog] C:\scripts\SLFConversion\Content\SoulslikeFramework\Widgets\RestMenu\LevelUpMenu\W_LevelCurrencyBlock_LevelUp.uasset: [Compiler] This blueprint (self) is not a AC_InventoryManager_C, therefore ' Target ' must have a connection.
[2026.01.07-04.27.39:712][  0]LogBlueprint: Error: [AssetLog] C:\scripts\SLFConversion\Content\SoulslikeFramework\Widgets\RestMenu\LevelUpMenu\W_LevelCurrencyBlock_LevelUp.uasset: [Compiler] This blueprint (self) is not a AC_InventoryManager_C, therefore ' Target ' must have a connection.
[2026.01.07-04.27.39:714][  0]LogBlueprint: Warning: [AssetLog] C:\scripts\SLFConversion\Content\SoulslikeFramework\Widgets\HUD\W_LootNotification.uasset: [Compiler] ParseStringLength  was pruned because its Exec pin is not connected, the connected value is not available and will instead be read as default
[2026.01.07-04.27.39:797][  0]LogBlueprint: Warning: [AssetLog] C:\scripts\SLFConversion\Content\SoulslikeFramework\Blueprints\_Characters\B_Soulslike_Character.uasset: [Compiler] GetEquipmentComponent  was pruned because its Exec pin is not connected, the connected value is not available and will instead be read as default
[2026.01.07-04.27.39:798][  0]LogBlueprint: Warning: [AssetLog] C:\scripts\SLFConversion\Content\SoulslikeFramework\Blueprints\_Characters\B_Soulslike_Character.uasset: [Compiler] GetSaveLoadComponent  was pruned because its Exec pin is not connected, the connected value is not available and will instead be read as default
[2026.01.07-04.27.39:817][  0]LogBlueprint: Error: [AssetLog] C:\scripts\SLFConversion\Content\SoulslikeFramework\Blueprints\_Characters\B_Soulslike_Character.uasset: [Compiler] Can't connect pins  Loaded Data  and  Data : Only exactly matching structures are considered compatible.
[2026.01.07-04.27.39:818][  0]LogBlueprint: Error: [AssetLog] C:\scripts\SLFConversion\Content\SoulslikeFramework\Blueprints\_Characters\B_Soulslike_Character.uasset: [Compiler] Can't connect pins  Data  and  Loaded Data : Only exactly matching structures are considered compatible.
[2026.01.07-04.27.39:818][  0]LogBlueprint: Error: [AssetLog] C:\scripts\SLFConversion\Content\SoulslikeFramework\Blueprints\_Characters\B_Soulslike_Character.uasset: [Compiler] In use pin  Success?  no longer exists on node  GetSaveDataByTag . Please refresh node or break links to remove pin.
[2026.01.07-04.27.39:819][  0]LogBlueprint: Error: [AssetLog] C:\scripts\SLFConversion\Content\SoulslikeFramework\Blueprints\_Characters\B_Soulslike_Character.uasset: [Compiler] In use pin  Return Value  no longer exists on node  GetSaveDataByTag . Please refresh node or break links to remove pin.
[2026.01.07-04.27.39:819][  0]LogBlueprint: Error: [AssetLog] C:\scripts\SLFConversion\Content\SoulslikeFramework\Blueprints\_Characters\B_Soulslike_Character.uasset: [Compiler] Can't connect pins  Data  and  Loaded Data : Only exactly matching structures are considered compatible.
[2026.01.07-04.27.39:820][  0]LogBlueprint: Error: [AssetLog] C:\scripts\SLFConversion\Content\SoulslikeFramework\Blueprints\_Characters\B_Soulslike_Character.uasset: [Compiler] In use pin  Success?  no longer exists on node  GetSaveDataByTag . Please refresh node or break links to remove pin.
[2026.01.07-04.27.39:820][  0]LogBlueprint: Error: [AssetLog] C:\scripts\SLFConversion\Content\SoulslikeFramework\Blueprints\_Characters\B_Soulslike_Character.uasset: [Compiler] In use pin  Return Value  no longer exists on node  GetSaveDataByTag . Please refresh node or break links to remove pin.
[2026.01.07-04.27.39:821][  0]LogBlueprint: Error: [AssetLog] C:\scripts\SLFConversion\Content\SoulslikeFramework\Blueprints\_Characters\B_Soulslike_Character.uasset: [Compiler] Can't connect pins  Data  and  Loaded Data : Only exactly matching structures are considered compatible.
[2026.01.07-04.27.39:821][  0]LogBlueprint: Error: [AssetLog] C:\scripts\SLFConversion\Content\SoulslikeFramework\Blueprints\_Characters\B_Soulslike_Character.uasset: [Compiler] In use pin  Success?  no longer exists on node  GetSaveDataByTag . Please refresh node or break links to remove pin.
[2026.01.07-04.27.39:822][  0]LogBlueprint: Error: [AssetLog] C:\scripts\SLFConversion\Content\SoulslikeFramework\Blueprints\_Characters\B_Soulslike_Character.uasset: [Compiler] In use pin  Return Value  no longer exists on node  GetSaveDataByTag . Please refresh node or break links to remove pin.
[2026.01.07-04.27.39:822][  0]LogBlueprint: Error: [AssetLog] C:\scripts\SLFConversion\Content\SoulslikeFramework\Blueprints\_Characters\B_Soulslike_Character.uasset: [Compiler] In use pin  Enemy  no longer exists on node  Is Enemy Dead? . Please refresh node or break links to remove pin.
[2026.01.07-04.27.39:823][  0]LogBlueprint: Error: [AssetLog] C:\scripts\SLFConversion\Content\SoulslikeFramework\Blueprints\_Characters\B_Soulslike_Character.uasset: [Compiler] In use pin  Return Value  no longer exists on node  Is Enemy Dead? . Please refresh node or break links to remove pin.
[2026.01.07-04.27.39:823][  0]LogBlueprint: Error: [AssetLog] C:\scripts\SLFConversion\Content\SoulslikeFramework\Blueprints\_Characters\B_Soulslike_Character.uasset: [Compiler] Could not find a function named "IsEnemyDead?" in 'B_Soulslike_Character'.
Make sure 'B_Soulslike_Character' has been compiled for  Is Enemy Dead?
[2026.01.07-04.27.39:824][  0]LogBlueprint: Error: [AssetLog] C:\scripts\SLFConversion\Content\SoulslikeFramework\Blueprints\_Characters\B_Soulslike_Character.uasset: [Compiler] In use pin  Enemy  no longer exists on node  Is Enemy Dead? . Please refresh node or break links to remove pin.
[2026.01.07-04.27.39:825][  0]LogBlueprint: Error: [AssetLog] C:\scripts\SLFConversion\Content\SoulslikeFramework\Blueprints\_Characters\B_Soulslike_Character.uasset: [Compiler] In use pin  Return Value  no longer exists on node  Is Enemy Dead? . Please refresh node or break links to remove pin.
[2026.01.07-04.27.39:825][  0]LogBlueprint: Error: [AssetLog] C:\scripts\SLFConversion\Content\SoulslikeFramework\Blueprints\_Characters\B_Soulslike_Character.uasset: [Compiler] Could not find a function named "IsEnemyDead?" in 'B_Soulslike_Character'.
Make sure 'B_Soulslike_Character' has been compiled for  Is Enemy Dead?
[2026.01.07-04.27.39:826][  0]LogBlueprint: Error: [AssetLog] C:\scripts\SLFConversion\Content\SoulslikeFramework\Blueprints\_Characters\B_Soulslike_Character.uasset: [Compiler] In use pin  <Unnamed>  no longer exists on node  Get Is Behind Target? . Please refresh node or break links to remove pin.
[2026.01.07-04.27.39:826][  0]LogBlueprint: Error: [AssetLog] C:\scripts\SLFConversion\Content\SoulslikeFramework\Blueprints\_Characters\B_Soulslike_Character.uasset: [Compiler] In use pin  <Unnamed>  no longer exists on node  Get Is Behind Target? . Please refresh node or break links to remove pin.
[2026.01.07-04.27.39:827][  0]LogBlueprint: Error: [AssetLog] C:\scripts\SLFConversion\Content\SoulslikeFramework\Blueprints\_Characters\B_Soulslike_Character.uasset: [Compiler] In use pin  Self Actor  no longer exists on node  Get Is Behind Target? . Please refresh node or break links to remove pin.
[2026.01.07-04.27.39:827][  0]LogBlueprint: Error: [AssetLog] C:\scripts\SLFConversion\Content\SoulslikeFramework\Blueprints\_Characters\B_Soulslike_Character.uasset: [Compiler] In use pin  Target Actor  no longer exists on node  Get Is Behind Target? . Please refresh node or break links to remove pin.
[2026.01.07-04.27.39:828][  0]LogBlueprint: Error: [AssetLog] C:\scripts\SLFConversion\Content\SoulslikeFramework\Blueprints\_Characters\B_Soulslike_Character.uasset: [Compiler] In use pin  Return Value  no longer exists on node  Get Is Behind Target? . Please refresh node or break links to remove pin.
[2026.01.07-04.27.39:828][  0]LogBlueprint: Error: [AssetLog] C:\scripts\SLFConversion\Content\SoulslikeFramework\Blueprints\_Characters\B_Soulslike_Character.uasset: [Compiler] Could not find a function named "GetIsBehindTarget?" in 'B_Soulslike_Character'.
Make sure 'B_Soulslike_Character' has been compiled for  Get Is Behind Target?
[2026.01.07-04.27.39:828][  0]LogBlueprint: Error: [AssetLog] C:\scripts\SLFConversion\Content\SoulslikeFramework\Blueprints\_Characters\B_Soulslike_Character.uasset: [Compiler] In use pin  <Unnamed>  no longer exists on node  Get Is Behind Target? . Please refresh node or break links to remove pin.
[2026.01.07-04.27.39:829][  0]LogBlueprint: Error: [AssetLog] C:\scripts\SLFConversion\Content\SoulslikeFramework\Blueprints\_Characters\B_Soulslike_Character.uasset: [Compiler] In use pin  <Unnamed>  no longer exists on node  Get Is Behind Target? . Please refresh node or break links to remove pin.
[2026.01.07-04.27.39:829][  0]LogBlueprint: Error: [AssetLog] C:\scripts\SLFConversion\Content\SoulslikeFramework\Blueprints\_Characters\B_Soulslike_Character.uasset: [Compiler] In use pin  Self Actor  no longer exists on node  Get Is Behind Target? . Please refresh node or break links to remove pin.
[2026.01.07-04.27.39:830][  0]LogBlueprint: Error: [AssetLog] C:\scripts\SLFConversion\Content\SoulslikeFramework\Blueprints\_Characters\B_Soulslike_Character.uasset: [Compiler] In use pin  Target Actor  no longer exists on node  Get Is Behind Target? . Please refresh node or break links to remove pin.
[2026.01.07-04.27.39:831][  0]LogBlueprint: Warning: [AssetLog] C:\scripts\SLFConversion\Content\SoulslikeFramework\Blueprints\_Characters\B_Soulslike_Character.uasset: [Compiler] Input pin  Precision Tolerance  specifying non-default value no longer exists on node  Get Is Behind Target? . Please refresh node or reset pin to default value to remove pin.
[2026.01.07-04.27.39:831][  0]LogBlueprint: Error: [AssetLog] C:\scripts\SLFConversion\Content\SoulslikeFramework\Blueprints\_Characters\B_Soulslike_Character.uasset: [Compiler] In use pin  Return Value  no longer exists on node  Get Is Behind Target? . Please refresh node or break links to remove pin.
[2026.01.07-04.27.39:832][  0]LogBlueprint: Error: [AssetLog] C:\scripts\SLFConversion\Content\SoulslikeFramework\Blueprints\_Characters\B_Soulslike_Character.uasset: [Compiler] Could not find a function named "GetIsBehindTarget?" in 'B_Soulslike_Character'.
Make sure 'B_Soulslike_Character' has been compiled for  Get Is Behind Target?
[2026.01.07-04.27.39:832][  0]LogBlueprint: Error: [AssetLog] C:\scripts\SLFConversion\Content\SoulslikeFramework\Blueprints\_Characters\B_Soulslike_Character.uasset: [Compiler] In use pin  Velocity  no longer exists on node  Get Is Moving 2D? . Please refresh node or break links to remove pin.
[2026.01.07-04.27.39:833][  0]LogBlueprint: Error: [AssetLog] C:\scripts\SLFConversion\Content\SoulslikeFramework\Blueprints\_Characters\B_Soulslike_Character.uasset: [Compiler] In use pin  Return Value  no longer exists on node  Get Is Moving 2D? . Please refresh node or break links to remove pin.
[2026.01.07-04.27.39:833][  0]LogBlueprint: Error: [AssetLog] C:\scripts\SLFConversion\Content\SoulslikeFramework\Blueprints\_Characters\B_Soulslike_Character.uasset: [Compiler] Could not find a function named "GetIsMoving2D?" in 'B_Soulslike_Character'.
Make sure 'B_Soulslike_Character' has been compiled for  Get Is Moving 2D?
[2026.01.07-04.27.39:836][  0]LogBlueprint: Error: [AssetLog] C:\scripts\SLFConversion\Content\SoulslikeFramework\Blueprints\_Characters\B_Soulslike_Character.uasset: [Compiler] In use pin  Enemy  no longer exists on node  Is Enemy Dead? . Please refresh node or break links to remove pin.
[2026.01.07-04.27.39:836][  0]LogBlueprint: Error: [AssetLog] C:\scripts\SLFConversion\Content\SoulslikeFramework\Blueprints\_Characters\B_Soulslike_Character.uasset: [Compiler] In use pin  Return Value  no longer exists on node  Is Enemy Dead? . Please refresh node or break links to remove pin.
[2026.01.07-04.27.39:837][  0]LogBlueprint: Error: [AssetLog] C:\scripts\SLFConversion\Content\SoulslikeFramework\Blueprints\_Characters\B_Soulslike_Character.uasset: [Compiler] Could not find a function named "IsEnemyDead?" in 'B_Soulslike_Character'.
Make sure 'B_Soulslike_Character' has been compiled for  Is Enemy Dead?
[2026.01.07-04.27.39:840][  0]LogBlueprint: Error: [AssetLog] C:\scripts\SLFConversion\Content\SoulslikeFramework\Blueprints\_Characters\B_Soulslike_Character.uasset: [Compiler] This blueprint (self) is not a AC_EquipmentManager_C, therefore ' Target ' must have a connection.
[2026.01.07-04.27.39:840][  0]LogBlueprint: Error: [AssetLog] C:\scripts\SLFConversion\Content\SoulslikeFramework\Blueprints\_Characters\B_Soulslike_Character.uasset: [Compiler] This blueprint (self) is not a AC_EquipmentManager_C, therefore ' Target ' must have a connection.
[2026.01.07-04.27.39:841][  0]LogBlueprint: Error: [AssetLog] C:\scripts\SLFConversion\Content\SoulslikeFramework\Blueprints\_Characters\B_Soulslike_Character.uasset: [Compiler] This blueprint (self) is not a AC_EquipmentManager_C, therefore ' Target ' must have a connection.
[2026.01.07-04.27.39:842][  0]LogBlueprint: Error: [AssetLog] C:\scripts\SLFConversion\Content\SoulslikeFramework\Blueprints\_Characters\B_Soulslike_Character.uasset: [Compiler] This blueprint (self) is not a AC_SaveLoadManager_C, therefore ' Target ' must have a connection.
[2026.01.07-04.27.39:854][  0]LogBlueprint: Warning: [AssetLog] C:\scripts\SLFConversion\Content\SoulslikeFramework\Blueprints\_Characters\Enemies\B_Soulslike_Enemy.uasset: [Compiler] GetSaveLoadComponent  was pruned because its Exec pin is not connected, the connected value is not available and will instead be read as default
[2026.01.07-04.27.39:854][  0]LogBlueprint: Warning: [AssetLog] C:\scripts\SLFConversion\Content\SoulslikeFramework\Blueprints\_Characters\Enemies\B_Soulslike_Enemy.uasset: [Compiler] GetSaveLoadComponent  was pruned because its Exec pin is not connected, the connected value is not available and will instead be read as default
[2026.01.07-04.27.39:859][  0]LogBlueprint: Error: [AssetLog] C:\scripts\SLFConversion\Content\SoulslikeFramework\Blueprints\_Characters\Enemies\B_Soulslike_Enemy.uasset: [Compiler] Can't connect pins  Loaded Data  and  Data : Only exactly matching structures are considered compatible.
[2026.01.07-04.27.39:860][  0]LogBlueprint: Error: [AssetLog] C:\scripts\SLFConversion\Content\SoulslikeFramework\Blueprints\_Characters\Enemies\B_Soulslike_Enemy.uasset: [Compiler] Can't connect pins  Data  and  Loaded Data : Only exactly matching structures are considered compatible.
[2026.01.07-04.27.39:860][  0]LogBlueprint: Error: [AssetLog] C:\scripts\SLFConversion\Content\SoulslikeFramework\Blueprints\_Characters\Enemies\B_Soulslike_Enemy.uasset: [Compiler] In use pin  Success?  no longer exists on node  GetSaveDataByTag . Please refresh node or break links to remove pin.
[2026.01.07-04.27.39:861][  0]LogBlueprint: Error: [AssetLog] C:\scripts\SLFConversion\Content\SoulslikeFramework\Blueprints\_Characters\Enemies\B_Soulslike_Enemy.uasset: [Compiler] In use pin  Return Value  no longer exists on node  GetSaveDataByTag . Please refresh node or break links to remove pin.
[2026.01.07-04.27.39:864][  0]LogBlueprint: Error: [AssetLog] C:\scripts\SLFConversion\Content\SoulslikeFramework\Blueprints\_Characters\Enemies\B_Soulslike_Enemy.uasset: [Compiler] This blueprint (self) is not a AC_SaveLoadManager_C, therefore ' Target ' must have a connection.
[2026.01.07-04.27.39:864][  0]LogBlueprint: Error: [AssetLog] C:\scripts\SLFConversion\Content\SoulslikeFramework\Blueprints\_Characters\Enemies\B_Soulslike_Enemy.uasset: [Compiler] This blueprint (self) is not a AC_SaveLoadManager_C, therefore ' Target ' must have a connection.
[2026.01.07-04.27.39:871][  0]LogBlueprint: Warning: [AssetLog] C:\scripts\SLFConversion\Content\SoulslikeFramework\Blueprints\_Characters\Npcs\B_Soulslike_NPC.uasset: [Compiler] GetSaveLoadComponent  was pruned because its Exec pin is not connected, the connected value is not available and will instead be read as default
[2026.01.07-04.27.39:871][  0]LogBlueprint: Warning: [AssetLog] C:\scripts\SLFConversion\Content\SoulslikeFramework\Blueprints\_Characters\Npcs\B_Soulslike_NPC.uasset: [Compiler] GetSaveLoadComponent  was pruned because its Exec pin is not connected, the connected value is not available and will instead be read as default
[2026.01.07-04.27.39:872][  0]LogBlueprint: Warning: [AssetLog] C:\scripts\SLFConversion\Content\SoulslikeFramework\Blueprints\_Characters\Npcs\B_Soulslike_NPC.uasset: [Compiler] GetSaveLoadComponent  was pruned because its Exec pin is not connected, the connected value is not available and will instead be read as default
[2026.01.07-04.27.39:872][  0]LogBlueprint: Error: [AssetLog] C:\scripts\SLFConversion\Content\SoulslikeFramework\Blueprints\_Characters\Npcs\B_Soulslike_NPC.uasset: [Compiler] Can't connect pins  Loaded Data  and  Data : Only exactly matching structures are considered compatible.
[2026.01.07-04.27.39:873][  0]LogBlueprint: Error: [AssetLog] C:\scripts\SLFConversion\Content\SoulslikeFramework\Blueprints\_Characters\Npcs\B_Soulslike_NPC.uasset: [Compiler] Can't connect pins  Data  and  Loaded Data : Only exactly matching structures are considered compatible.
[2026.01.07-04.27.39:873][  0]LogBlueprint: Error: [AssetLog] C:\scripts\SLFConversion\Content\SoulslikeFramework\Blueprints\_Characters\Npcs\B_Soulslike_NPC.uasset: [Compiler] In use pin  Success?  no longer exists on node  GetSaveDataByTag . Please refresh node or break links to remove pin.
[2026.01.07-04.27.39:874][  0]LogBlueprint: Error: [AssetLog] C:\scripts\SLFConversion\Content\SoulslikeFramework\Blueprints\_Characters\Npcs\B_Soulslike_NPC.uasset: [Compiler] In use pin  Return Value  no longer exists on node  GetSaveDataByTag . Please refresh node or break links to remove pin.
[2026.01.07-04.27.39:874][  0]LogBlueprint: Error: [AssetLog] C:\scripts\SLFConversion\Content\SoulslikeFramework\Blueprints\_Characters\Npcs\B_Soulslike_NPC.uasset: [Compiler] Can't connect pins  Data  and  Loaded Data : Only exactly matching structures are considered compatible.
[2026.01.07-04.27.39:874][  0]LogBlueprint: Error: [AssetLog] C:\scripts\SLFConversion\Content\SoulslikeFramework\Blueprints\_Characters\Npcs\B_Soulslike_NPC.uasset: [Compiler] In use pin  Success?  no longer exists on node  GetSaveDataByTag . Please refresh node or break links to remove pin.
[2026.01.07-04.27.39:875][  0]LogBlueprint: Error: [AssetLog] C:\scripts\SLFConversion\Content\SoulslikeFramework\Blueprints\_Characters\Npcs\B_Soulslike_NPC.uasset: [Compiler] In use pin  Return Value  no longer exists on node  GetSaveDataByTag . Please refresh node or break links to remove pin.
[2026.01.07-04.27.39:875][  0]LogBlueprint: Error: [AssetLog] C:\scripts\SLFConversion\Content\SoulslikeFramework\Blueprints\_Characters\Npcs\B_Soulslike_NPC.uasset: [Compiler] This blueprint (self) is not a AC_SaveLoadManager_C, therefore ' Target ' must have a connection.
[2026.01.07-04.27.39:876][  0]LogBlueprint: Error: [AssetLog] C:\scripts\SLFConversion\Content\SoulslikeFramework\Blueprints\_Characters\Npcs\B_Soulslike_NPC.uasset: [Compiler] This blueprint (self) is not a AC_SaveLoadManager_C, therefore ' Target ' must have a connection.
[2026.01.07-04.27.39:876][  0]LogBlueprint: Error: [AssetLog] C:\scripts\SLFConversion\Content\SoulslikeFramework\Blueprints\_Characters\Npcs\B_Soulslike_NPC.uasset: [Compiler] This blueprint (self) is not a AC_SaveLoadManager_C, therefore ' Target ' must have a connection.
[2026.01.07-04.27.39:941][  0]LogBlueprint: Error: [AssetLog] C:\scripts\SLFConversion\Content\SoulslikeFramework\Widgets\Equipment\W_Equipment.uasset: [Compiler] In use pin  Tag Name  no longer exists on node  ParseOutTagName . Please refresh node or break links to remove pin.
[2026.01.07-04.27.40:054][  0]LogBlueprint: Warning: [AssetLog] C:\scripts\SLFConversion\Content\SoulslikeFramework\Widgets\RestMenu\LevelUpMenu\W_LevelUp.uasset: [Compiler] GetInventoryComponent  was pruned because its Exec pin is not connected, the connected value is not available and will instead be read as default
[2026.01.07-04.27.40:072][  0]LogBlueprint: Warning: [AssetLog] C:\scripts\SLFConversion\Content\SoulslikeFramework\Widgets\Vendor\W_NPC_Window.uasset: [Compiler] GetLocalProgressManager  was pruned because its Exec pin is not connected, the connected value is not available and will instead be read as default
[2026.01.07-04.27.40:098][  0]LogBlueprint: Warning: [AssetLog] C:\scripts\SLFConversion\Content\SoulslikeFramework\Widgets\Vendor\W_NPC_Window_Vendor.uasset: [Compiler] GetInventoryComponent  was pruned because its Exec pin is not connected, the connected value is not available and will instead be read as default
[2026.01.07-04.27.40:098][  0]LogBlueprint: Warning: [AssetLog] C:\scripts\SLFConversion\Content\SoulslikeFramework\Widgets\Vendor\W_NPC_Window_Vendor.uasset: [Compiler] GetInventoryComponent  was pruned because its Exec pin is not connected, the connected value is not available and will instead be read as default
[2026.01.07-04.27.40:099][  0]LogBlueprint: Warning: [AssetLog] C:\scripts\SLFConversion\Content\SoulslikeFramework\Widgets\Vendor\W_NPC_Window_Vendor.uasset: [Compiler] GetInventoryComponent  was pruned because its Exec pin is not connected, the connected value is not available and will instead be read as default
[2026.01.07-04.27.40:113][  0]LogBlueprint: Warning: [AssetLog] C:\scripts\SLFConversion\Content\SoulslikeFramework\Widgets\Vendor\W_NPC_Window_Vendor.uasset: [Compiler] GetInventoryComponent  was pruned because its Exec pin is not connected, the connected value is not available and will instead be read as default
[2026.01.07-04.27.40:118][  0]LogBlueprint: Error: [AssetLog] C:\scripts\SLFConversion\Content\SoulslikeFramework\Widgets\Vendor\W_NPC_Window_Vendor.uasset: [Compiler] This blueprint (self) is not a AC_InventoryManager_C, therefore ' Target ' must have a connection.
[2026.01.07-04.27.40:118][  0]LogBlueprint: Error: [AssetLog] C:\scripts\SLFConversion\Content\SoulslikeFramework\Widgets\Vendor\W_NPC_Window_Vendor.uasset: [Compiler] This blueprint (self) is not a AC_InventoryManager_C, therefore ' Target ' must have a connection.
[2026.01.07-04.27.40:119][  0]LogBlueprint: Error: [AssetLog] C:\scripts\SLFConversion\Content\SoulslikeFramework\Widgets\Vendor\W_NPC_Window_Vendor.uasset: [Compiler] This blueprint (self) is not a AC_InventoryManager_C, therefore ' Target ' must have a connection.
[2026.01.07-04.27.40:119][  0]LogBlueprint: Error: [AssetLog] C:\scripts\SLFConversion\Content\SoulslikeFramework\Widgets\Vendor\W_NPC_Window_Vendor.uasset: [Compiler] This blueprint (self) is not a AC_InventoryManager_C, therefore ' Target ' must have a connection.
[2026.01.07-04.27.40:175][  0]LogBlueprint: Warning: [AssetLog] C:\scripts\SLFConversion\Content\SoulslikeFramework\Widgets\Status\W_Status.uasset: [Compiler] GetInventoryComponent  was pruned because its Exec pin is not connected, the connected value is not available and will instead be read as default
[2026.01.07-04.27.40:205][  0]LogBlueprint: Error: [AssetLog] C:\scripts\SLFConversion\Content\SoulslikeFramework\Blueprints\Components\AC_CombatManager.uasset: [Compiler] Variable node  Get  uses an invalid target.  It may depend on a node that is not connected to the execution chain, and got purged.
[2026.01.07-04.27.40:208][  0]LogBlueprint: Error: [AssetLog] C:\scripts\SLFConversion\Content\SoulslikeFramework\Blueprints\Components\AC_EquipmentManager.uasset: [Compiler] The current value ((TagName="SoulslikeFramework.Saving.Equipment")) of the ' Save Game Tag ' pin is invalid: 'Save Game Tag' in action 'GetSaveDataByTag' must have an input wired into it ("by ref" params expect a valid input to operate on).
[2026.01.07-04.27.40:215][  0]LogBlueprint: Error: [AssetLog] C:\scripts\SLFConversion\Content\SoulslikeFramework\Blueprints\Components\AC_EquipmentManager.uasset: [Compiler] Create Event  Signature Error: Unable to find the selected function/event: 'Event OnDataLoaded' - has it been deleted?
[2026.01.07-04.27.40:217][  0]LogBlueprint: Error: [AssetLog] C:\scripts\SLFConversion\Content\SoulslikeFramework\Blueprints\Components\AC_InventoryManager.uasset: [Compiler] The current value ((TagName="SoulslikeFramework.Saving.Storage")) of the ' Save Game Tag ' pin is invalid: 'Save Game Tag' in action 'GetSaveDataByTag' must have an input wired into it ("by ref" params expect a valid input to operate on).
[2026.01.07-04.27.40:218][  0]LogBlueprint: Error: [AssetLog] C:\scripts\SLFConversion\Content\SoulslikeFramework\Blueprints\Components\AC_InventoryManager.uasset: [Compiler] The current value ((TagName="SoulslikeFramework.Saving.Inventory")) of the ' Save Game Tag ' pin is invalid: 'Save Game Tag' in action 'GetSaveDataByTag' must have an input wired into it ("by ref" params expect a valid input to operate on).
[2026.01.07-04.27.40:218][  0]LogBlueprint: Error: [AssetLog] C:\scripts\SLFConversion\Content\SoulslikeFramework\Blueprints\Components\AC_InventoryManager.uasset: [Compiler] The current value ((TagName="SoulslikeFramework.Saving.Currency")) of the ' Save Game Tag ' pin is invalid: 'Save Game Tag' in action 'GetSaveDataByTag' must have an input wired into it ("by ref" params expect a valid input to operate on).
[2026.01.07-04.27.40:222][  0]LogBlueprint: Error: [AssetLog] C:\scripts\SLFConversion\Content\SoulslikeFramework\Blueprints\Components\AC_InventoryManager.uasset: [Compiler] Create Event  Signature Error: Unable to find the selected function/event: 'Event OnDataLoaded' - has it been deleted?
[2026.01.07-04.27.40:228][  0]LogBlueprint: Error: [AssetLog] C:\scripts\SLFConversion\Content\SoulslikeFramework\Blueprints\Components\AC_ProgressManager.uasset: [Compiler] The current value ((TagName="SoulslikeFramework.Saving.PlayTime")) of the ' Save Game Tag ' pin is invalid: 'Save Game Tag' in action 'GetSaveDataByTag' must have an input wired into it ("by ref" params expect a valid input to operate on).
[2026.01.07-04.27.40:228][  0]LogBlueprint: Error: [AssetLog] C:\scripts\SLFConversion\Content\SoulslikeFramework\Blueprints\Components\AC_ProgressManager.uasset: [Compiler] The current value ((TagName="SoulslikeFramework.Saving.Progress")) of the ' Save Game Tag ' pin is invalid: 'Save Game Tag' in action 'GetSaveDataByTag' must have an input wired into it ("by ref" params expect a valid input to operate on).
[2026.01.07-04.27.40:229][  0]LogBlueprint: Error: [AssetLog] C:\scripts\SLFConversion\Content\SoulslikeFramework\Blueprints\Components\AC_ProgressManager.uasset: [Compiler] Create Event  Signature Error: Unable to find the selected function/event: 'Event OnDataLoaded' - has it been deleted?
[2026.01.07-04.27.40:233][  0]LogBlueprint: Error: [AssetLog] C:\scripts\SLFConversion\Content\SoulslikeFramework\Blueprints\Components\AC_StatManager.uasset: [Compiler] The current value ((TagName="SoulslikeFramework.Saving.PlayerLevel")) of the ' Save Game Tag ' pin is invalid: 'Save Game Tag' in action 'GetSaveDataByTag' must have an input wired into it ("by ref" params expect a valid input to operate on).
[2026.01.07-04.27.40:234][  0]LogBlueprint: Error: [AssetLog] C:\scripts\SLFConversion\Content\SoulslikeFramework\Blueprints\Components\AC_StatManager.uasset: [Compiler] The current value ((TagName="SoulslikeFramework.Saving.Stats")) of the ' Save Game Tag ' pin is invalid: 'Save Game Tag' in action 'GetSaveDataByTag' must have an input wired into it ("by ref" params expect a valid input to operate on).
[2026.01.07-04.27.40:235][  0]LogBlueprint: Error: [AssetLog] C:\scripts\SLFConversion\Content\SoulslikeFramework\Blueprints\Components\AC_StatManager.uasset: [Compiler] Create Event  Signature Error: Unable to find the selected function/event: 'Event OnDataLoaded' - has it been deleted?
[2026.01.07-04.27.40:238][  0]LogBlueprint: Error: [AssetLog] C:\scripts\SLFConversion\Content\SoulslikeFramework\Blueprints\_WorldActors\Interactables\B_Interactable.uasset: [Compiler] The current value ((TagName="SoulslikeFramework.Saving.InteractableStates")) of the ' Save Game Tag ' pin is invalid: 'Save Game Tag' in action 'GetSaveDataByTag' must have an input wired into it ("by ref" params expect a valid input to operate on).
[2026.01.07-04.27.40:238][  0]LogBlueprint: Error: [AssetLog] C:\scripts\SLFConversion\Content\SoulslikeFramework\Blueprints\_WorldActors\Interactables\B_Interactable.uasset: [Compiler] Create Event  Signature Error: Unable to find the selected function/event: 'Event OnDataLoaded' - has it been deleted?
[2026.01.07-04.27.40:248][  0]LogBlueprint: Error: [AssetLog] C:\scripts\SLFConversion\Content\SoulslikeFramework\Blueprints\_WorldActors\_Items\B_PickupItem.uasset: [Compiler] The current value ((TagName="SoulslikeFramework.Saving.PickupActors")) of the ' Save Game Tag ' pin is invalid: 'Save Game Tag' in action 'GetSaveDataByTag' must have an input wired into it ("by ref" params expect a valid input to operate on).
[2026.01.07-04.27.40:249][  0]LogBlueprint: Error: [AssetLog] C:\scripts\SLFConversion\Content\SoulslikeFramework\Blueprints\_WorldActors\_Items\B_PickupItem.uasset: [Compiler] Event Event OnDataLoaded  Signature Error: Unable to find the selected function/event: 'Event OnDataLoaded' - has it been deleted?
[2026.01.07-04.27.40:277][  0]LogBlueprint: Error: [AssetLog] C:\scripts\SLFConversion\Content\SoulslikeFramework\Widgets\RestMenu\LevelUpMenu\W_CurrencyEntry.uasset: [Compiler] Variable node  Get Currency  uses an invalid target.  It may depend on a node that is not connected to the execution chain, and got purged.
[2026.01.07-04.27.40:293][  0]LogBlueprint: Error: [AssetLog] C:\scripts\SLFConversion\Content\SoulslikeFramework\Widgets\HUD\W_HUD.uasset: [Compiler] The current value ((TagName="SoulslikeFramework.Saving.ItemWheel")) of the ' Save Game Tag ' pin is invalid: 'Save Game Tag' in action 'GetSaveDataByTag' must have an input wired into it ("by ref" params expect a valid input to operate on).
[2026.01.07-04.27.40:296][  0]LogBlueprint: Error: [AssetLog] C:\scripts\SLFConversion\Content\SoulslikeFramework\Widgets\HUD\W_HUD.uasset: [Compiler] Create Event  Signature Error: Unable to find the selected function/event: 'Event OnDataLoaded' - has it been deleted?
[2026.01.07-04.27.40:316][  0]LogBlueprint: Error: [AssetLog] C:\scripts\SLFConversion\Content\SoulslikeFramework\Widgets\RestMenu\LevelUpMenu\W_LevelCurrencyBlock_LevelUp.uasset: [Compiler] Variable node  Get Currency  uses an invalid target.  It may depend on a node that is not connected to the execution chain, and got purged.
[2026.01.07-04.27.40:348][  0]LogBlueprint: Error: [AssetLog] C:\scripts\SLFConversion\Content\SoulslikeFramework\Blueprints\_Characters\B_Soulslike_Character.uasset: [Compiler] The current value ((TagName="SoulslikeFramework.Saving.SpawnedInteractables")) of the ' Save Game Tag ' pin is invalid: 'Save Game Tag' in action 'GetSaveDataByTag' must have an input wired into it ("by ref" params expect a valid input to operate on).
[2026.01.07-04.27.40:348][  0]LogBlueprint: Error: [AssetLog] C:\scripts\SLFConversion\Content\SoulslikeFramework\Blueprints\_Characters\B_Soulslike_Character.uasset: [Compiler] The current value ((TagName="SoulslikeFramework.Saving.ClassData")) of the ' Save Game Tag ' pin is invalid: 'Save Game Tag' in action 'GetSaveDataByTag' must have an input wired into it ("by ref" params expect a valid input to operate on).
[2026.01.07-04.27.40:349][  0]LogBlueprint: Error: [AssetLog] C:\scripts\SLFConversion\Content\SoulslikeFramework\Blueprints\_Characters\B_Soulslike_Character.uasset: [Compiler] The current value ((TagName="SoulslikeFramework.Saving.LevelData")) of the ' Save Game Tag ' pin is invalid: 'Save Game Tag' in action 'GetSaveDataByTag' must have an input wired into it ("by ref" params expect a valid input to operate on).
[2026.01.07-04.27.40:351][  0]LogBlueprint: Error: [AssetLog] C:\scripts\SLFConversion\Content\SoulslikeFramework\Blueprints\_Characters\B_Soulslike_Character.uasset: [Compiler] Create Event  Signature Error: Unable to find the selected function/event: 'Event OnDataLoaded' - has it been deleted?
[2026.01.07-04.27.40:353][  0]LogBlueprint: Error: [AssetLog] C:\scripts\SLFConversion\Content\SoulslikeFramework\Blueprints\_Characters\Enemies\B_Soulslike_Enemy.uasset: [Compiler] The current value ((TagName="SoulslikeFramework.Saving.Enemies")) of the ' Save Game Tag ' pin is invalid: 'Save Game Tag' in action 'GetSaveDataByTag' must have an input wired into it ("by ref" params expect a valid input to operate on).
[2026.01.07-04.27.40:355][  0]LogBlueprint: Error: [AssetLog] C:\scripts\SLFConversion\Content\SoulslikeFramework\Blueprints\_Characters\Enemies\B_Soulslike_Enemy.uasset: [Compiler] Create Event  Signature Error: Unable to find the selected function/event: 'Event OnDataLoaded' - has it been deleted?
[2026.01.07-04.27.40:356][  0]LogBlueprint: Error: [AssetLog] C:\scripts\SLFConversion\Content\SoulslikeFramework\Blueprints\_Characters\Npcs\B_Soulslike_NPC.uasset: [Compiler] The current value ((TagName="SoulslikeFramework.Saving.NPCs.VendorData")) of the ' Save Game Tag ' pin is invalid: 'Save Game Tag' in action 'GetSaveDataByTag' must have an input wired into it ("by ref" params expect a valid input to operate on).
[2026.01.07-04.27.40:357][  0]LogBlueprint: Error: [AssetLog] C:\scripts\SLFConversion\Content\SoulslikeFramework\Blueprints\_Characters\Npcs\B_Soulslike_NPC.uasset: [Compiler] The current value ((TagName="SoulslikeFramework.Saving.NPCs")) of the ' Save Game Tag ' pin is invalid: 'Save Game Tag' in action 'GetSaveDataByTag' must have an input wired into it ("by ref" params expect a valid input to operate on).
[2026.01.07-04.27.40:358][  0]LogBlueprint: Error: [AssetLog] C:\scripts\SLFConversion\Content\SoulslikeFramework\Blueprints\_Characters\Npcs\B_Soulslike_NPC.uasset: [Compiler] Create Event  Signature Error: Unable to find the selected function/event: 'Event OnDataLoaded' - has it been deleted?
[2026.01.07-04.27.42:221][  0]LogAssetManager: Display: Ignoring PrimaryAssetType PDA_CombatReactionAnimData_C - Conflicts with PDA_CombatReactionAnimData_Player_C - Asset: DA_ExamplePlayerReactionAnimset
[2026.01.07-04.27.42:243][  0]LogCsvProfiler: Display: Metadata set : largeworldcoordinates="1"
[2026.01.07-04.27.42:269][  0]LogPython: Display: No pip-enabled plugins with python dependencies found, skipping
[2026.01.07-04.27.42:708][  0]LogPython: Display: Running start-up script C:/Program Files/Epic Games/UE_5.7/Engine/Plugins/Animation/IKRig/Content/Python/init_unreal.py... started...
[2026.01.07-04.27.42:722][  0]LogPython: Display: Running start-up script C:/Program Files/Epic Games/UE_5.7/Engine/Plugins/Animation/IKRig/Content/Python/init_unreal.py... took 14.277 ms
[2026.01.07-04.27.42:722][  0]LogPython: Display: Running start-up script C:/Program Files/Epic Games/UE_5.7/Engine/Plugins/Animation/ControlRig/Content/Python/init_unreal.py... started...
[2026.01.07-04.27.42:735][  0]LogPython: Display: Running start-up script C:/Program Files/Epic Games/UE_5.7/Engine/Plugins/Animation/ControlRig/Content/Python/init_unreal.py... took 12.557 ms (total: 26.835 ms)
[2026.01.07-04.27.42:736][  0]LogPythonScriptCommandlet: Display: Running Python script: C:/scripts/SLFConversion/test_backup_extraction.py
[2026.01.07-04.27.42:814][  0]LogPython: Error: Traceback (most recent call last):
[2026.01.07-04.27.42:814][  0]LogPython: Error:   File "C:/scripts/SLFConversion/test_backup_extraction.py", line 28, in <module>
[2026.01.07-04.27.42:814][  0]LogPython: Error:     log(f"Parent Class: {asset.get_class().get_super_class().get_name() if asset.get_class().get_super_class() else 'None'}")
[2026.01.07-04.27.42:814][  0]LogPython: Error:                                                                            ^^^^^^^^^^^^^^^^^^^^^^^^^^^^^^^^^
[2026.01.07-04.27.42:815][  0]LogPython: Error: AttributeError: 'Class' object has no attribute 'get_super_class'
[2026.01.07-04.27.42:815][  0]LogPythonScriptCommandlet: Error: Python script executed with errors
[2026.01.07-04.27.42:815][  0]LogInit: Display: 
[2026.01.07-04.27.42:815][  0]LogInit: Display: Warning/Error Summary (Unique only)
[2026.01.07-04.27.42:815][  0]LogInit: Display: -----------------------------------
[2026.01.07-04.27.42:815][  0]LogInit: Display: LogBlueprint: Error: [AssetLog] C:\scripts\SLFConversion\Content\SoulslikeFramework\Blueprints\Components\AC_ActionManager.uasset: [Compiler] In use pin  Velocity  no longer exists on node  Get Is Moving 2D? . Please refresh node or break links to remove pin.
[2026.01.07-04.27.42:816][  0]LogInit: Display: LogBlueprint: Error: [AssetLog] C:\scripts\SLFConversion\Content\SoulslikeFramework\Blueprints\Components\AC_ActionManager.uasset: [Compiler] In use pin  Return Value  no longer exists on node  Get Is Moving 2D? . Please refresh node or break links to remove pin.
[2026.01.07-04.27.42:816][  0]LogInit: Display: LogBlueprint: Error: [AssetLog] C:\scripts\SLFConversion\Content\SoulslikeFramework\Blueprints\Components\AC_ActionManager.uasset: [Compiler] Could not find a function named "GetIsMoving2D?" in 'AC_ActionManager'.
Make sure 'AC_ActionManager' has been compiled for  Get Is Moving 2D?
[2026.01.07-04.27.42:817][  0]LogInit: Display: LogBlueprint: Error: [AssetLog] C:\scripts\SLFConversion\Content\SoulslikeFramework\Blueprints\Components\AC_AI_Boss.uasset: [Compiler] In use pin  Success  no longer exists on node  TryGetHudForActor . Please refresh node or break links to remove pin.
[2026.01.07-04.27.42:817][  0]LogInit: Display: LogBlueprint: Error: [AssetLog] C:\scripts\SLFConversion\Content\SoulslikeFramework\Blueprints\Components\AC_AI_Boss.uasset: [Compiler] In use pin  HUD  no longer exists on node  TryGetHudForActor . Please refresh node or break links to remove pin.
[2026.01.07-04.27.42:818][  0]LogInit: Display: LogBlueprint: Error: [AssetLog] C:\scripts\SLFConversion\Content\SoulslikeFramework\Blueprints\Components\AC_AI_Boss.uasset: [Compiler] Can't connect pins  Stat Info  and  Stat Info : Only exactly matching structures are considered compatible.
[2026.01.07-04.27.42:818][  0]LogInit: Display: LogBlueprint: Error: [AssetLog] C:\scripts\SLFConversion\Content\SoulslikeFramework\Blueprints\Components\AC_AI_Boss.uasset: [Compiler] In use pin  Max Value  no longer exists on node  GetStatPercentValue . Please refresh node or break links to remove pin.
[2026.01.07-04.27.42:819][  0]LogInit: Display: LogBlueprint: Error: [AssetLog] C:\scripts\SLFConversion\Content\SoulslikeFramework\Blueprints\Components\AC_AI_CombatManager.uasset: [Compiler] Can't connect pins  Stat Info  and  Stat Info : Only exactly matching structures are considered compatible.
[2026.01.07-04.27.42:819][  0]LogInit: Display: LogBlueprint: Error: [AssetLog] C:\scripts\SLFConversion\Content\SoulslikeFramework\Blueprints\Components\AC_AI_CombatManager.uasset: [Compiler] In use pin  Max Value  no longer exists on node  GetStatMaxValue . Please refresh node or break links to remove pin.
[2026.01.07-04.27.42:820][  0]LogInit: Display: LogBlueprint: Error: [AssetLog] C:\scripts\SLFConversion\Content\SoulslikeFramework\Blueprints\Components\AC_AI_CombatManager.uasset: [Compiler] In use pin  Max Value  no longer exists on node  GetStatPercentValue . Please refresh node or break links to remove pin.
[2026.01.07-04.27.42:820][  0]LogInit: Display: LogBlueprint: Error: [AssetLog] C:\scripts\SLFConversion\Content\SoulslikeFramework\Blueprints\Components\AC_AI_CombatManager.uasset: [Compiler] In use pin  Current Value  no longer exists on node  GetStatCurrentValue . Please refresh node or break links to remove pin.
[2026.01.07-04.27.42:821][  0]LogInit: Display: LogBlueprint: Error: [AssetLog] C:\scripts\SLFConversion\Content\SoulslikeFramework\Blueprints\Components\AC_AI_CombatManager.uasset: [Compiler] Can't connect pins  Return Value  and  Stat Manager : AC Stat Manager Object Reference is not compatible with AC Stat Manager Object Reference.
[2026.01.07-04.27.42:821][  0]LogInit: Display: LogBlueprint: Error: [AssetLog] C:\scripts\SLFConversion\Content\SoulslikeFramework\Blueprints\Components\AC_AI_CombatManager.uasset: [Compiler] Invalid pin connection from ' Return Value ' to ' Stat Manager '. You may have changed the type after the connections were made.
[2026.01.07-04.27.42:822][  0]LogInit: Display: LogBlueprint: Error: [AssetLog] C:\scripts\SLFConversion\Content\SoulslikeFramework\Blueprints\Components\AC_AI_CombatManager.uasset: [Compiler] Can't connect pins  Attack Power Stats  and  FWeapon Attack Power : Only exactly matching structures are considered compatible.
[2026.01.07-04.27.42:823][  0]LogInit: Display: LogBlueprint: Error: [AssetLog] C:\scripts\SLFConversion\Content\SoulslikeFramework\Blueprints\Components\AC_AI_CombatManager.uasset: [Compiler] Can't connect pins  Stat Manager  and  Return Value : AC Stat Manager Object Reference is not compatible with AC Stat Manager Object Reference.
[2026.01.07-04.27.42:823][  0]LogInit: Display: LogBlueprint: Error: [AssetLog] C:\scripts\SLFConversion\Content\SoulslikeFramework\Blueprints\Components\AC_AI_CombatManager.uasset: [Compiler] In use pin  Damage  no longer exists on node  CalculateWeaponDamage . Please refresh node or break links to remove pin.
[2026.01.07-04.27.42:824][  0]LogInit: Display: LogBlueprint: Error: [AssetLog] C:\scripts\SLFConversion\Content\SoulslikeFramework\Blueprints\Components\AC_AI_CombatManager.uasset: [Compiler] Can't connect pins  FWeapon Attack Power  and  Attack Power Stats : Only exactly matching structures are considered compatible.
[2026.01.07-04.27.42:824][  0]LogInit: Display: LogBlueprint: Error: [AssetLog] C:\scripts\SLFConversion\Content\SoulslikeFramework\Blueprints\Components\AC_CombatManager.uasset: [Compiler] Can't connect pins  Stat Info  and  Stat Info : Only exactly matching structures are considered compatible.
[2026.01.07-04.27.42:825][  0]LogInit: Display: LogBlueprint: Error: [AssetLog] C:\scripts\SLFConversion\Content\SoulslikeFramework\Blueprints\Components\AC_CombatManager.uasset: [Compiler] In use pin  Current Value  no longer exists on node  GetStatCurrentValue . Please refresh node or break links to remove pin.
[2026.01.07-04.27.42:825][  0]LogInit: Display: LogBlueprint: Error: [AssetLog] C:\scripts\SLFConversion\Content\SoulslikeFramework\Blueprints\Components\AC_CombatManager.uasset: [Compiler] In use pin  Max Value  no longer exists on node  GetStatMaxValue . Please refresh node or break links to remove pin.
[2026.01.07-04.27.42:826][  0]LogInit: Display: LogBlueprint: Error: [AssetLog] C:\scripts\SLFConversion\Content\SoulslikeFramework\Blueprints\Components\AC_CombatManager.uasset: [Compiler] Can't connect pins  Return Value  and  Stat Manager : AC Stat Manager Object Reference is not compatible with AC Stat Manager Object Reference.
[2026.01.07-04.27.42:826][  0]LogInit: Display: LogBlueprint: Error: [AssetLog] C:\scripts\SLFConversion\Content\SoulslikeFramework\Blueprints\Components\AC_CombatManager.uasset: [Compiler] Invalid pin connection from ' Return Value ' to ' Stat Manager '. You may have changed the type after the connections were made.
[2026.01.07-04.27.42:827][  0]LogInit: Display: LogBlueprint: Error: [AssetLog] C:\scripts\SLFConversion\Content\SoulslikeFramework\Blueprints\Components\AC_CombatManager.uasset: [Compiler] Can't connect pins  Attack Power Stats  and  FWeapon Attack Power : Only exactly matching structures are considered compatible.
[2026.01.07-04.27.42:828][  0]LogInit: Display: LogBlueprint: Error: [AssetLog] C:\scripts\SLFConversion\Content\SoulslikeFramework\Blueprints\Components\AC_CombatManager.uasset: [Compiler] Can't connect pins  Stat Manager  and  Return Value : AC Stat Manager Object Reference is not compatible with AC Stat Manager Object Reference.
[2026.01.07-04.27.42:828][  0]LogInit: Display: LogBlueprint: Error: [AssetLog] C:\scripts\SLFConversion\Content\SoulslikeFramework\Blueprints\Components\AC_CombatManager.uasset: [Compiler] In use pin  Damage  no longer exists on node  CalculateWeaponDamage . Please refresh node or break links to remove pin.
[2026.01.07-04.27.42:829][  0]LogInit: Display: LogBlueprint: Error: [AssetLog] C:\scripts\SLFConversion\Content\SoulslikeFramework\Blueprints\Components\AC_CombatManager.uasset: [Compiler] Can't connect pins  FWeapon Attack Power  and  Attack Power Stats : Only exactly matching structures are considered compatible.
[2026.01.07-04.27.42:829][  0]LogInit: Display: LogBlueprint: Error: [AssetLog] C:\scripts\SLFConversion\Content\SoulslikeFramework\Blueprints\Components\AC_CombatManager.uasset: [Compiler] This blueprint (self) is not a AC_EquipmentManager_C, therefore ' Target ' must have a connection.
[2026.01.07-04.27.42:830][  0]LogInit: Display: LogBlueprint: Error: [AssetLog] C:\scripts\SLFConversion\Content\SoulslikeFramework\Blueprints\Components\AC_CombatManager.uasset: [Compiler] This blueprint (self) is not a AC_SaveLoadManager_C, therefore ' Target ' must have a connection.
[2026.01.07-04.27.42:830][  0]LogInit: Display: LogBlueprint: Error: [AssetLog] C:\scripts\SLFConversion\Content\SoulslikeFramework\Blueprints\Components\AC_EquipmentManager.uasset: [Compiler] Can't connect pins  Data  and  Loaded Data : Only exactly matching structures are considered compatible.
[2026.01.07-04.27.42:831][  0]LogInit: Display: LogBlueprint: Error: [AssetLog] C:\scripts\SLFConversion\Content\SoulslikeFramework\Blueprints\Components\AC_EquipmentManager.uasset: [Compiler] In use pin  Success?  no longer exists on node  GetSaveDataByTag . Please refresh node or break links to remove pin.
[2026.01.07-04.27.42:831][  0]LogInit: Display: LogBlueprint: Error: [AssetLog] C:\scripts\SLFConversion\Content\SoulslikeFramework\Blueprints\Components\AC_EquipmentManager.uasset: [Compiler] In use pin  Return Value  no longer exists on node  GetSaveDataByTag . Please refresh node or break links to remove pin.
[2026.01.07-04.27.42:832][  0]LogInit: Display: LogBlueprint: Error: [AssetLog] C:\scripts\SLFConversion\Content\SoulslikeFramework\Blueprints\Components\AC_EquipmentManager.uasset: [Compiler] Can't connect pins  Loaded Data  and  Data : Only exactly matching structures are considered compatible.
[2026.01.07-04.27.42:832][  0]LogInit: Display: LogBlueprint: Error: [AssetLog] C:\scripts\SLFConversion\Content\SoulslikeFramework\Blueprints\Components\AC_EquipmentManager.uasset: [Compiler] This blueprint (self) is not a AC_SaveLoadManager_C, therefore ' Target ' must have a connection.
[2026.01.07-04.27.42:833][  0]LogInit: Display: LogBlueprint: Error: [AssetLog] C:\scripts\SLFConversion\Content\SoulslikeFramework\Blueprints\Components\AC_InteractionManager.uasset: [Compiler] In use pin  Enemy  no longer exists on node  Is Enemy Dead? . Please refresh node or break links to remove pin.
[2026.01.07-04.27.42:833][  0]LogInit: Display: LogBlueprint: Error: [AssetLog] C:\scripts\SLFConversion\Content\SoulslikeFramework\Blueprints\Components\AC_InteractionManager.uasset: [Compiler] In use pin  Return Value  no longer exists on node  Is Enemy Dead? . Please refresh node or break links to remove pin.
[2026.01.07-04.27.42:833][  0]LogInit: Display: LogBlueprint: Error: [AssetLog] C:\scripts\SLFConversion\Content\SoulslikeFramework\Blueprints\Components\AC_InteractionManager.uasset: [Compiler] Could not find a function named "IsEnemyDead?" in 'AC_InteractionManager'.
Make sure 'AC_InteractionManager' has been compiled for  Is Enemy Dead?
[2026.01.07-04.27.42:834][  0]LogInit: Display: LogBlueprint: Error: [AssetLog] C:\scripts\SLFConversion\Content\SoulslikeFramework\Blueprints\Components\AC_InventoryManager.uasset: [Compiler] Can't connect pins  Data  and  Loaded Data : Only exactly matching structures are considered compatible.
[2026.01.07-04.27.42:836][  0]LogInit: Display: LogBlueprint: Error: [AssetLog] C:\scripts\SLFConversion\Content\SoulslikeFramework\Blueprints\Components\AC_InventoryManager.uasset: [Compiler] In use pin  Success?  no longer exists on node  GetSaveDataByTag . Please refresh node or break links to remove pin.
[2026.01.07-04.27.42:836][  0]LogInit: Display: LogBlueprint: Error: [AssetLog] C:\scripts\SLFConversion\Content\SoulslikeFramework\Blueprints\Components\AC_InventoryManager.uasset: [Compiler] In use pin  Return Value  no longer exists on node  GetSaveDataByTag . Please refresh node or break links to remove pin.
[2026.01.07-04.27.42:837][  0]LogInit: Display: LogBlueprint: Error: [AssetLog] C:\scripts\SLFConversion\Content\SoulslikeFramework\Blueprints\Components\AC_InventoryManager.uasset: [Compiler] Can't connect pins  Loaded Data  and  Data : Only exactly matching structures are considered compatible.
[2026.01.07-04.27.42:837][  0]LogInit: Display: LogBlueprint: Error: [AssetLog] C:\scripts\SLFConversion\Content\SoulslikeFramework\Blueprints\Components\AC_InventoryManager.uasset: [Compiler] This blueprint (self) is not a AC_SaveLoadManager_C, therefore ' Target ' must have a connection.
[2026.01.07-04.27.42:838][  0]LogInit: Display: LogBlueprint: Error: [AssetLog] C:\scripts\SLFConversion\Content\SoulslikeFramework\Blueprints\Components\AC_ProgressManager.uasset: [Compiler] Can't connect pins  Data  and  Loaded Data : Only exactly matching structures are considered compatible.
[2026.01.07-04.27.42:838][  0]LogInit: Display: LogBlueprint: Error: [AssetLog] C:\scripts\SLFConversion\Content\SoulslikeFramework\Blueprints\Components\AC_ProgressManager.uasset: [Compiler] In use pin  Success?  no longer exists on node  GetSaveDataByTag . Please refresh node or break links to remove pin.
[2026.01.07-04.27.42:839][  0]LogInit: Display: LogBlueprint: Error: [AssetLog] C:\scripts\SLFConversion\Content\SoulslikeFramework\Blueprints\Components\AC_ProgressManager.uasset: [Compiler] In use pin  Return Value  no longer exists on node  GetSaveDataByTag . Please refresh node or break links to remove pin.
[2026.01.07-04.27.42:839][  0]LogInit: Display: LogBlueprint: Error: [AssetLog] C:\scripts\SLFConversion\Content\SoulslikeFramework\Blueprints\Components\AC_ProgressManager.uasset: [Compiler] Can't connect pins  Loaded Data  and  Data : Only exactly matching structures are considered compatible.
[2026.01.07-04.27.42:840][  0]LogInit: Display: LogBlueprint: Error: [AssetLog] C:\scripts\SLFConversion\Content\SoulslikeFramework\Blueprints\Components\AC_ProgressManager.uasset: [Compiler] This blueprint (self) is not a AC_SaveLoadManager_C, therefore ' Target ' must have a connection.
[2026.01.07-04.27.42:840][  0]LogInit: Display: LogBlueprint: Error: [AssetLog] C:\scripts\SLFConversion\Content\SoulslikeFramework\Blueprints\Components\AC_StatManager.uasset: [Compiler] Can't connect pins  Loaded Data  and  Data : Only exactly matching structures are considered compatible.
[2026.01.07-04.27.42:841][  0]LogInit: Display: LogBlueprint: Error: [AssetLog] C:\scripts\SLFConversion\Content\SoulslikeFramework\Blueprints\Components\AC_StatManager.uasset: [Compiler] Can't connect pins  Data  and  Loaded Data : Only exactly matching structures are considered compatible.
[2026.01.07-04.27.42:841][  0]LogInit: Display: LogBlueprint: Error: [AssetLog] C:\scripts\SLFConversion\Content\SoulslikeFramework\Blueprints\Components\AC_StatManager.uasset: [Compiler] In use pin  Success?  no longer exists on node  GetSaveDataByTag . Please refresh node or break links to remove pin.
[2026.01.07-04.27.42:841][  0]LogInit: Display: LogBlueprint: Error: [AssetLog] C:\scripts\SLFConversion\Content\SoulslikeFramework\Blueprints\Components\AC_StatManager.uasset: [Compiler] In use pin  Return Value  no longer exists on node  GetSaveDataByTag . Please refresh node or break links to remove pin.
[2026.01.07-04.27.42:841][  0]LogInit: Display: NOTE: Only first 50 errors displayed.
[2026.01.07-04.27.42:841][  0]LogInit: Display: LogBlueprint: Warning: [AssetLog] C:\scripts\SLFConversion\Content\SoulslikeFramework\Blueprints\Components\AC_ActionManager.uasset: [Compiler] Input pin  Speed to Check  specifying non-default value no longer exists on node  Get Is Moving 2D? . Please refresh node or reset pin to default value to remove pin.
[2026.01.07-04.27.42:842][  0]LogInit: Display: LogBlueprint: Warning: [AssetLog] C:\scripts\SLFConversion\Content\SoulslikeFramework\Blueprints\Components\AC_CombatManager.uasset: [Compiler] GetEquipmentComponent  was pruned because its Exec pin is not connected, the connected value is not available and will instead be read as default
[2026.01.07-04.27.42:842][  0]LogInit: Display: LogBlueprint: Warning: [AssetLog] C:\scripts\SLFConversion\Content\SoulslikeFramework\Blueprints\Components\AC_CombatManager.uasset: [Compiler] GetSaveLoadComponent  was pruned because its Exec pin is not connected, the connected value is not available and will instead be read as default
[2026.01.07-04.27.42:843][  0]LogInit: Display: LogBlueprint: Warning: [AssetLog] C:\scripts\SLFConversion\Content\SoulslikeFramework\Blueprints\Components\AC_EquipmentManager.uasset: [Compiler] GetSaveLoadComponent  was pruned because its Exec pin is not connected, the connected value is not available and will instead be read as default
[2026.01.07-04.27.42:844][  0]LogInit: Display: LogBlueprint: Warning: [AssetLog] C:\scripts\SLFConversion\Content\SoulslikeFramework\Blueprints\Components\AC_InventoryManager.uasset: [Compiler] GetSaveLoadComponent  was pruned because its Exec pin is not connected, the connected value is not available and will instead be read as default
[2026.01.07-04.27.42:844][  0]LogInit: Display: LogBlueprint: Warning: [AssetLog] C:\scripts\SLFConversion\Content\SoulslikeFramework\Blueprints\Components\AC_ProgressManager.uasset: [Compiler] GetSaveLoadComponent  was pruned because its Exec pin is not connected, the connected value is not available and will instead be read as default
[2026.01.07-04.27.42:845][  0]LogInit: Display: LogBlueprint: Warning: [AssetLog] C:\scripts\SLFConversion\Content\SoulslikeFramework\Blueprints\Components\AC_ProgressManager.uasset: [Compiler] GetLocalProgressManager  was pruned because its Exec pin is not connected, the connected value is not available and will instead be read as default
[2026.01.07-04.27.42:845][  0]LogInit: Display: LogBlueprint: Warning: [AssetLog] C:\scripts\SLFConversion\Content\SoulslikeFramework\Blueprints\Components\AC_StatManager.uasset: [Compiler] GetSaveLoadComponent  was pruned because its Exec pin is not connected, the connected value is not available and will instead be read as default
[2026.01.07-04.27.42:846][  0]LogInit: Display: LogBlueprint: Warning: [AssetLog] C:\scripts\SLFConversion\Content\SoulslikeFramework\Blueprints\_WorldActors\Interactables\B_Interactable.uasset: [Compiler] GetSaveLoadComponent  was pruned because its Exec pin is not connected, the connected value is not available and will instead be read as default
[2026.01.07-04.27.42:847][  0]LogInit: Display: LogBlueprint: Warning: [AssetLog] C:\scripts\SLFConversion\Content\SoulslikeFramework\Blueprints\_WorldActors\Interactables\B_DeathCurrency.uasset: [Compiler] GetSaveLoadComponent  was pruned because its Exec pin is not connected, the connected value is not available and will instead be read as default
[2026.01.07-04.27.42:851][  0]LogInit: Display: LogBlueprint: Warning: [AssetLog] C:\scripts\SLFConversion\Content\SoulslikeFramework\Blueprints\_WorldActors\Interactables\B_DeathCurrency.uasset: [Compiler] GetInventoryComponent  was pruned because its Exec pin is not connected, the connected value is not available and will instead be read as default
[2026.01.07-04.27.42:852][  0]LogInit: Display: LogBlueprint: Warning: [AssetLog] C:\scripts\SLFConversion\Content\SoulslikeFramework\Blueprints\_WorldActors\Interactables\B_Door.uasset: [Compiler] GetInventoryComponent  was pruned because its Exec pin is not connected, the connected value is not available and will instead be read as default
[2026.01.07-04.27.42:853][  0]LogInit: Display: LogBlueprint: Warning: [AssetLog] C:\scripts\SLFConversion\Content\SoulslikeFramework\Blueprints\_WorldActors\_Items\B_PickupItem.uasset: [Compiler] GetSaveLoadComponent  was pruned because its Exec pin is not connected, the connected value is not available and will instead be read as default
[2026.01.07-04.27.42:853][  0]LogInit: Display: LogBlueprint: Warning: [AssetLog] C:\scripts\SLFConversion\Content\SoulslikeFramework\Widgets\HUD\W_AbilityDisplay.uasset: [Compiler] GetEquipmentComponent  was pruned because its Exec pin is not connected, the connected value is not available and will instead be read as default
[2026.01.07-04.27.42:854][  0]LogInit: Display: LogBlueprint: Warning: [AssetLog] C:\scripts\SLFConversion\Content\SoulslikeFramework\Widgets\HUD\W_CurrencyContainer.uasset: [Compiler] GetInventoryComponent  was pruned because its Exec pin is not connected, the connected value is not available and will instead be read as default
[2026.01.07-04.27.42:854][  0]LogInit: Display: LogBlueprint: Warning: [AssetLog] C:\scripts\SLFConversion\Content\SoulslikeFramework\Widgets\RestMenu\LevelUpMenu\W_CurrencyEntry.uasset: [Compiler] GetInventoryComponent  was pruned because its Exec pin is not connected, the connected value is not available and will instead be read as default
[2026.01.07-04.27.42:855][  0]LogInit: Display: LogBlueprint: Warning: [AssetLog] C:\scripts\SLFConversion\Content\SoulslikeFramework\Widgets\Equipment\W_Equipment_Item_RequiredStats.uasset: [Compiler] Input pin  Shorten?  specifying non-default value no longer exists on node  ParseOutTagName . Please refresh node or reset pin to default value to remove pin.
[2026.01.07-04.27.42:856][  0]LogInit: Display: LogBlueprint: Warning: [AssetLog] C:\scripts\SLFConversion\Content\SoulslikeFramework\Widgets\Equipment\W_Equipment_Item_StatScaling.uasset: [Compiler] Input pin  Shorten?  specifying non-default value no longer exists on node  ParseOutTagName . Please refresh node or reset pin to default value to remove pin.
[2026.01.07-04.27.42:858][  0]LogInit: Display: LogBlueprint: Warning: [AssetLog] C:\scripts\SLFConversion\Content\SoulslikeFramework\Widgets\HUD\W_FirstLootNotification.uasset: [Compiler] ParseStringLength  was pruned because its Exec pin is not connected, the connected value is not available and will instead be read as default
[2026.01.07-04.27.42:858][  0]LogInit: Display: LogBlueprint: Warning: [AssetLog] C:\scripts\SLFConversion\Content\SoulslikeFramework\Widgets\HUD\W_HUD.uasset: [Compiler] GetEquipmentComponent  was pruned because its Exec pin is not connected, the connected value is not available and will instead be read as default
[2026.01.07-04.27.42:858][  0]LogInit: Display: LogBlueprint: Warning: [AssetLog] C:\scripts\SLFConversion\Content\SoulslikeFramework\Widgets\HUD\W_HUD.uasset: [Compiler] GetInventoryComponent  was pruned because its Exec pin is not connected, the connected value is not available and will instead be read as default
[2026.01.07-04.27.42:859][  0]LogInit: Display: LogBlueprint: Warning: [AssetLog] C:\scripts\SLFConversion\Content\SoulslikeFramework\Widgets\HUD\W_HUD.uasset: [Compiler] GetSaveLoadComponent  was pruned because its Exec pin is not connected, the connected value is not available and will instead be read as default
[2026.01.07-04.27.42:863][  0]LogInit: Display: LogBlueprint: Warning: [AssetLog] C:\scripts\SLFConversion\Content\SoulslikeFramework\Widgets\Inventory\W_InventoryAction.uasset: [Compiler] GetInventoryComponent  was pruned because its Exec pin is not connected, the connected value is not available and will instead be read as default
[2026.01.07-04.27.42:864][  0]LogInit: Display: LogBlueprint: Warning: [AssetLog] C:\scripts\SLFConversion\Content\SoulslikeFramework\Widgets\RestMenu\LevelUpMenu\W_LevelCurrencyBlock_LevelUp.uasset: [Compiler] GetInventoryComponent  was pruned because its Exec pin is not connected, the connected value is not available and will instead be read as default
[2026.01.07-04.27.42:865][  0]LogInit: Display: LogBlueprint: Warning: [AssetLog] C:\scripts\SLFConversion\Content\SoulslikeFramework\Widgets\HUD\W_LootNotification.uasset: [Compiler] ParseStringLength  was pruned because its Exec pin is not connected, the connected value is not available and will instead be read as default
[2026.01.07-04.27.42:865][  0]LogInit: Display: LogBlueprint: Warning: [AssetLog] C:\scripts\SLFConversion\Content\SoulslikeFramework\Blueprints\_Characters\B_Soulslike_Character.uasset: [Compiler] GetEquipmentComponent  was pruned because its Exec pin is not connected, the connected value is not available and will instead be read as default
[2026.01.07-04.27.42:866][  0]LogInit: Display: LogBlueprint: Warning: [AssetLog] C:\scripts\SLFConversion\Content\SoulslikeFramework\Blueprints\_Characters\B_Soulslike_Character.uasset: [Compiler] GetSaveLoadComponent  was pruned because its Exec pin is not connected, the connected value is not available and will instead be read as default
[2026.01.07-04.27.42:866][  0]LogInit: Display: LogBlueprint: Warning: [AssetLog] C:\scripts\SLFConversion\Content\SoulslikeFramework\Blueprints\_Characters\B_Soulslike_Character.uasset: [Compiler] Input pin  Precision Tolerance  specifying non-default value no longer exists on node  Get Is Behind Target? . Please refresh node or reset pin to default value to remove pin.
[2026.01.07-04.27.42:867][  0]LogInit: Display: LogBlueprint: Warning: [AssetLog] C:\scripts\SLFConversion\Content\SoulslikeFramework\Blueprints\_Characters\Enemies\B_Soulslike_Enemy.uasset: [Compiler] GetSaveLoadComponent  was pruned because its Exec pin is not connected, the connected value is not available and will instead be read as default
[2026.01.07-04.27.42:868][  0]LogInit: Display: LogBlueprint: Warning: [AssetLog] C:\scripts\SLFConversion\Content\SoulslikeFramework\Blueprints\_Characters\Npcs\B_Soulslike_NPC.uasset: [Compiler] GetSaveLoadComponent  was pruned because its Exec pin is not connected, the connected value is not available and will instead be read as default
[2026.01.07-04.27.42:868][  0]LogInit: Display: LogBlueprint: Warning: [AssetLog] C:\scripts\SLFConversion\Content\SoulslikeFramework\Widgets\RestMenu\LevelUpMenu\W_LevelUp.uasset: [Compiler] GetInventoryComponent  was pruned because its Exec pin is not connected, the connected value is not available and will instead be read as default
[2026.01.07-04.27.42:869][  0]LogInit: Display: LogBlueprint: Warning: [AssetLog] C:\scripts\SLFConversion\Content\SoulslikeFramework\Widgets\Vendor\W_NPC_Window.uasset: [Compiler] GetLocalProgressManager  was pruned because its Exec pin is not connected, the connected value is not available and will instead be read as default
[2026.01.07-04.27.42:869][  0]LogInit: Display: LogBlueprint: Warning: [AssetLog] C:\scripts\SLFConversion\Content\SoulslikeFramework\Widgets\Vendor\W_NPC_Window_Vendor.uasset: [Compiler] GetInventoryComponent  was pruned because its Exec pin is not connected, the connected value is not available and will instead be read as default
[2026.01.07-04.27.42:870][  0]LogInit: Display: LogBlueprint: Warning: [AssetLog] C:\scripts\SLFConversion\Content\SoulslikeFramework\Widgets\Status\W_Status.uasset: [Compiler] GetInventoryComponent  was pruned because its Exec pin is not connected, the connected value is not available and will instead be read as default
[2026.01.07-04.27.42:870][  0]LogInit: Display: 
[2026.01.07-04.27.42:870][  0]LogInit: Display: Commandlet->Main return this error code: -1
[2026.01.07-04.27.42:871][  0]LogInit: Display: With 259 error(s), 46 warning(s)
[2026.01.07-04.27.42:871][  0]LogInit: Display: 
Execution of commandlet took:  0.11 seconds
[2026.01.07-04.27.43:121][  0]LogShaderCompilers: Display: Shaders left to compile 0
